
-sh: cd: can't cd to ?
/mnt # 
/mnt # 
/mnt # 
/mnt # 
/mnt # 
/mnt # ls
[1;34mScoutDev[0m    [0;0mboard.conf[0m  [1;34mlost+found[0m
/mnt # cd /mnt
/mnt # ls
[1;34mScoutDev[0m    [0;0mboard.conf[0m  [1;34mlost+found[0m
/mnt # ls -l
total 14
drwxr-xr-x    2 root     root          1024 Jan  1 00:00 [1;34mScoutDev[0m
-rw-r--r--    1 root     root            68 Jan  1 00:01 [0;0mboard.conf[0m
drwxr-xr-x    2 root     root         12288 Jan  1 00:00 [1;34mlost+found[0m
/mnt # 
U-Boot 2013.07-00206-gf99b772 (Sep 25 2013 - 21:42:59)

CPU:   Freescale i.MX51 rev3.0 at 800 MHz
Reset cause: POR
Board: MX51-NanJing.XiaoJin
DRAM:  256 MiB
NAND:  NAND device: Manufacturer ID: 0xec, Chip ID: 0xd3 (Samsung NAND 1GiB 3,3V 8-bit), page size: 2048, OOB size: 64
1024 MiB
MMC:   FSL_SDHC: 0, FSL_SDHC: 1
MMC: no card present
MMC init failed
Using default environment

In:    serial
Out:   serial
Err:   serial
loop for test LED: 0
loop for test LED: 1
loop for test LED: 2
loop for test LED: 3
loop for test LED: 4
Net:   FEC [PRIME]
Hit any key to stop autoboot:  1  0 

NAND read: device 0 offset 0x0, size 0x200
Bad block table found at page 524224, version 0x01
Bad block table found at page 524160, version 0x01
 512 bytes read: OK
## Executing script at 91000000
nand read 93000000 4a800  2f0800

NAND read: device 0 offset 0x4a800, size 0x2f0800
 3082240 bytes read: OK
bootz 93000000  93180000:170400
Kernel image @ 0x93000000 [ 0x000000 - 0x1738d8 ]

Starting kernel ...

Uncompressing Linux... done, booting the kernel.
[    0.000000] Booting Linux on physical CPU 0x0
[    0.000000] Linux version 3.10.2 (brock_zheng@localhost) (gcc version 4.8.1 (crosstool-NG hg+unknown-20130805.123855) ) #1 PREEMPT Wed Sep 25 21:13:23 CST 2013
[    0.000000] CPU: ARMv7 Processor [412fc085] revision 5 (ARMv7), cr=10c53c7d
[    0.000000] CPU: PIPT / VIPT nonaliasing data cache, VIPT aliasing instruction cache
[    0.000000] Machine: Freescale MX51 Babbage Board
[    0.000000] Memory policy: ECC disabled, Data cache writeback
[    0.000000] CPU: All CPU(s) started in SVC mode.
[    0.000000] Built 1 zonelists in Zone order, mobility grouping on.  Total pages: 65024
[    0.000000] Kernel command line: console=ttymxc0,115200 mtdparts=mxc_nand:640M@8M(my-rootfs),128M@648M(my-datafs)
[    0.000000] PID hash table entries: 1024 (order: 0, 4096 bytes)
[    0.000000] Dentry cache hash table entries: 32768 (order: 5, 131072 bytes)
[    0.000000] Inode-cache hash table entries: 16384 (order: 4, 65536 bytes)
[    0.000000] Memory: 256MB = 256MB total
[    0.000000] Memory: 253472k/253472k available, 8672k reserved, 0K highmem
[    0.000000] Virtual kernel memory layout:
[    0.000000]     vector  : 0xffff0000 - 0xffff1000   (   4 kB)
[    0.000000]     fixmap  : 0xfff00000 - 0xfffe0000   ( 896 kB)
[    0.000000]     vmalloc : 0xd0800000 - 0xff000000   ( 744 MB)
[    0.000000]     lowmem  : 0xc0000000 - 0xd0000000   ( 256 MB)
[    0.000000]       .text : 0xc0008000 - 0xc03ff65c   (4062 kB)
[    0.000000]       .init : 0xc0400000 - 0xc043d004   ( 245 kB)
[    0.000000]       .data : 0xc043e000 - 0xc0478f50   ( 236 kB)
[    0.000000]        .bss : 0xc0478f50 - 0xc04c8a84   ( 319 kB)
[    0.000000] SLUB: HWalign=64, Order=0-3, MinObjects=0, CPUs=1, Nodes=1
[    0.000000] Preemptible hierarchical RCU implementation.
[    0.000000] NR_IRQS:16 nr_irqs:16 16
[    0.000000] TrustZone Interrupt Controller (TZIC) initialized
[    0.000000] sched_clock: 32 bits at 24MHz, resolution 41ns, wraps every 178956ms
[    0.000000] CPU identified as i.MX51, silicon rev 3.0
[    0.000000] Console: colour dummy device 80x30
[    0.000300] Calibrating delay loop... 531.66 BogoMIPS (lpj=2658304)
[    0.060218] pid_max: default: 32768 minimum: 301
[    0.060450] Mount-cache hash table entries: 512
[    0.061380] CPU: Testing write buffer coherency: ok
[    0.061485] ftrace: allocating 11366 entries in 34 pages
[    0.087323] Setting up static identity map for 0xc0304970 - 0xc03049c8
[    0.102476] devtmpfs: initialized
[    0.111566] pinctrl core: initialized pinctrl subsystem
[    0.111960] NET: Registered protocol family 16
[    0.112956] DMA: preallocated 256 KiB pool for atomic coherent allocations
[    0.271534] bio: create slab <bio-0> at 0
[    0.272829] usbcore: registered new interface driver usbfs
[    0.272930] usbcore: registered new interface driver hub
[    0.273216] usbcore: registered new device driver usb
[    0.273481] pps_core: LinuxPPS API ver. 1 registered
[    0.273501] pps_core: Software ver. 5.3.6 - Copyright 2005-2007 Rodolfo Giometti <giometti@linux.it>
[    0.273553] PTP clock support registered
[    0.274382] Switching to clocksource mxc_timer1
[    0.335485] NET: Registered protocol family 2
[    0.336547] TCP established hash table entries: 2048 (order: 2, 16384 bytes)
[    0.336616] TCP bind hash table entries: 2048 (order: 1, 8192 bytes)
[    0.336651] TCP: Hash tables configured (established 2048 bind 2048)
[    0.336790] TCP: reno registered
[    0.336820] UDP hash table entries: 256 (order: 0, 4096 bytes)
[    0.336845] UDP-Lite hash table entries: 256 (order: 0, 4096 bytes)
[    0.337233] NET: Registered protocol family 1
[    0.337734] Trying to unpack rootfs image as initramfs...
[    0.355874] Freeing initrd memory: 1472K (c3180000 - c32f0000)
[    0.355943] NetWinder Floating Point Emulator V0.97 (extended precision)
[    0.366319] jffs2: version 2.2. (NAND) (SUMMARY)     2001-2006 Red Hat, Inc.
[    0.367618] Block layer SCSI generic (bsg) driver version 0.4 loaded (major 250)
[    0.367647] io scheduler noop registered
[    0.367659] io scheduler deadline registered
[    0.367705] io scheduler cfq registered (default)
[    0.487562] Serial: IMX driver
[    0.487822] imx21-uart.0: ttymxc0 at MMIO 0x73fbc000 (irq = 47) is a IMX
[    0.866369] console [ttymxc0] enabled
[    0.870604] imx21-uart.1: ttymxc1 at MMIO 0x73fc0000 (irq = 48) is a IMX
[    0.877958] imx21-uart.2: ttymxc2 at MMIO 0x7000c000 (irq = 49) is a IMX
[    0.895467] brd: module loaded
[    0.904124] loop: module loaded
[    0.908589] NAND device: Manufacturer ID: 0xec, Chip ID: 0xd3 (Samsung NAND 1GiB 3,3V 8-bit), 1024MiB, page size: 2048, OOB size: 64
[    0.921027] Bad block table found at page 524224, version 0x01
[    0.927477] Bad block table found at page 524160, version 0x01
[    0.933848] 2 cmdlinepart partitions found on MTD device mxc_nand
[    0.940022] Creating 2 MTD partitions on "mxc_nand":
[    0.945046] 0x000000800000-0x000028800000 : "my-rootfs"
[    0.953725] ftl_cs: FTL header not found.
[    0.958807] 0x000028800000-0x000030800000 : "my-datafs"
[    0.967031] ftl_cs: FTL header not found.
[    0.972701] spi_imx imx51-ecspi.0: master is unqueued, this is deprecated
[    0.979802] spi_imx imx51-ecspi.0: probed
[    0.984288] FEC resource: start=0x83fec000, end=0x83fecfff, name=imx27-fec.0, flags=0x00000200
[    0.996601] libphy: fec_enet_mii_bus: probed
[    1.002323] imx2-wdt imx2-wdt.0: IMX2+ Watchdog Timer enabled. timeout=60s (nowayout=0)
[    1.010799] usbcore: registered new interface driver usbhid
[    1.016455] usbhid: USB HID core driver
[    1.020547] TCP: cubic registered
[    1.023916] VFP support v0.3: implementor 41 architecture 3 part 30 variant c rev 2
[    1.033238] /home/brock_zheng/working/learning/ARM-i.MX515-Linux/softwares/linux-kernel/linux-kernel-v3.10.2/drivers/rtc/hctosys.c: unable to open rtc device (rtc0)
[    1.049708] Freeing unused kernel memory: 244K (c0400000 - c043d000)
setup watchdog: timeout=4sec, reset interval=2sec
[    1.126705] imx2-wdt imx2-wdt.0: set timeout = 4
[    1.218954] EXT4-fs (mtdblock0): couldn't mount as ext3 due to feature incompatibilities
[    1.228739] EXT4-fs (mtdblock0): mounting ext2 file system using the ext4 subsystem
[    1.240623] EXT4-fs (mtdblock0): warning: mounting unchecked fs, running e2fsck is recommended
[    1.268781] EXT4-fs (mtdblock0): mounted filesystem without journal. Opts: (null)
[    1.291002] EXT4-fs error (device mtdblock0): ext4_lookup:1437: inode #8193: comm rcS: deleted inode referenced: 8194
/etc/init.d/rcS: /mnt/board.conf: line 3: ./mnt/ScoutDev/ScoutDev: Input/output e[    1.309409] fec imx27-fec.0 eth0: Freescale FEC PHY driver [SMSC LAN8710/LAN8720] (mii_bus:phy_addr=imx27-fec-1:00, irq=-1)
rror
sh: 0: unknown operand[    1.324058] EXT4-fs error (device mtdblock0): ext4_lookup:1437: inode #8193: comm rcS: deleted inode referenced: 8194

=================================
====================================================
     Tiny Linux created by Brock.Zheng
      0c6d4c99e37554a10f65445303cc11ac50dc8726
====================================================
(none) login: root
login[47]: root login on 'ttymxc0'
~ # cd /mnt
/mnt # ls -l
total 14
drwxr-xr-x    2 root     root          1024 Jan  1 00:00 [1;34mScoutDev[0m
-rw-r--r--    1 root     root            68 Jan  1 00:01 [0;0mboard.conf[0m
drwxr-xr-x    2 root     root         12288 Jan  1 00:00 [1;34mlost+found[0m
/mnt # cd S/mnt # cd ScoutDev/[J
/mnt/ScoutDev # ls
[   39.374818] EXT4-fs error (device mtdblock0): ext4_lookup:1437: inode #8193: comm ls: deleted inode referenced: 8200
ls: ./BW: Input/output error[   39.386459] EXT4-fs error (device mtdblock0): ext4_lookup:1437: inode #8193: comm ls: deleted inode referenced: 8198

ls: ./V_1: Input/output error[   39.399678] EXT4-fs error (device mtdblock0): ext4_lookup:1437: inode #8193: comm ls: deleted inode referenced: 8195

ls: ./Config.ini: Input/output er[   39.413007] EXT4-fs error (device mtdblock0): ext4_lookup:1437: inode #8193: comm ls: deleted inode referenced: 8197
ror
ls: ./Bwhcz.ini: Input/output er[   39.426710] EXT4-fs error (device mtdblock0): ext4_lookup:1437: inode #8193: comm ls: deleted inode referenced: 8199
ror
ls: ./log: Input/output error
[   39.440433] EXT4-fs error (device mtdblock0): ext4_lookup:1437: inode #8193: comm ls: deleted inode referenced: 8194
ls: ./ScoutDev: Input/output erro[   39.454064] EXT4-fs error (device mtdblock0): ext4_lookup:1437: inode #8193: comm ls: deleted inode referenced: 8226
r
ls: ./Confignew.ini: Input/output error
/mnt/ScoutDev # ls
[   54.549857] EXT4-fs error (device mtdblock0): ext4_lookup:1437: inode #8193: comm ls: deleted inode referenced: 8200
ls: ./BW: Input/output error[   54.561463] EXT4-fs error (device mtdblock0): ext4_lookup:1437: inode #8193: comm ls: deleted inode referenced: 8198

ls: ./V_1: Input/output error[   54.574812] EXT4-fs error (device mtdblock0): ext4_lookup:1437: inode #8193: comm ls: deleted inode referenced: 8195

ls: ./Config.ini: Input/output er[   54.587999] EXT4-fs error (device mtdblock0): ext4_lookup:1437: inode #8193: comm ls: deleted inode referenced: 8197
ror
ls: ./Bwhcz.ini: Input/output er[   54.601639] EXT4-fs error (device mtdblock0): ext4_lookup:1437: inode #8193: comm ls: deleted inode referenced: 8199
ror
ls: ./log: Input/output error
[   54.615441] EXT4-fs error (device mtdblock0): ext4_lookup:1437: inode #8193: comm ls: deleted inode referenced: 8194
ls: ./ScoutDev: Input/output erro[   54.629052] EXT4-fs error (device mtdblock0): ext4_lookup:1437: inode #8193: comm ls: deleted inode referenced: 8226
r
ls: ./Confignew.ini: Input/output error
/mnt/ScoutDev # ec[J[Jecho a >a
/mnt/ScoutDev # ls
[   83.546832] EXT4-fs error (device mtdblock0): ext4_lookup:1437: inode #8193: comm ls: deleted inode referenced: 8200
ls: ./BW: Input/output error[   83.558488] EXT4-fs error (device mtdblock0): ext4_lookup:1437: inode #8193: comm ls: deleted inode referenced: 8198

ls: ./V_1: Input/output error[   83.571704] EXT4-fs error (device mtdblock0): ext4_lookup:1437: inode #8193: comm ls: deleted inode referenced: 8195

ls: ./Config.ini: Input/output er[   83.585123] EXT4-fs error (device mtdblock0): ext4_lookup:1437: inode #8193: comm ls: deleted inode referenced: 8197
ror
ls: ./Bwhcz.ini: Input/output er[   83.598762] EXT4-fs error (device mtdblock0): ext4_lookup:1437: inode #8193: comm ls: deleted inode referenced: 8199
ror
ls: ./log: Input/output error
[   83.612716] EXT4-fs error (device mtdblock0): ext4_lookup:1437: inode #8193: comm ls: deleted inode referenced: 8226
ls: ./Confignew.ini: Input/output error
[0;0mScoutDev[0m  [0;0ma[0m
/mnt/ScoutDev # cat a
a
/mnt/ScoutDev # ls
[   89.572715] EXT4-fs error (device mtdblock0): ext4_lookup:1437: inode #8193: comm ls: deleted inode referenced: 8200
ls: ./BW: Input/output error[   89.584410] EXT4-fs error (device mtdblock0): ext4_lookup:1437: inode #8193: comm ls: deleted inode referenced: 8198

ls: ./V_1: Input/output error[   89.597575] EXT4-fs error (device mtdblock0): ext4_lookup:1437: inode #8193: comm ls: deleted inode referenced: 8195

ls: ./Config.ini: Input/output er[   89.610904] EXT4-fs error (device mtdblock0): ext4_lookup:1437: inode #8193: comm ls: deleted inode referenced: 8197
ror
ls: ./Bwhcz.ini: Input/output er[   89.624745] EXT4-fs error (device mtdblock0): ext4_lookup:1437: inode #8193: comm ls: deleted inode referenced: 8199
ror
ls: ./log: Input/output error
[   89.638425] EXT4-fs error (device mtdblock0): ext4_lookup:1437: inode #8193: comm ls: deleted inode referenced: 8226
ls: ./Confignew.ini: Input/output error
[0;0mScoutDev[0m  [0;0ma[0m
/mnt/ScoutDev # cat con[J[J[J[J[J[J[Jecho a >conig[J[Jfignew.ini
/mnt/ScoutDev # ls
[  147.172734] EXT4-fs error (device mtdblock0): ext4_lookup:1437: inode #8193: comm ls: deleted inode referenced: 8200
ls: ./BW: Input/output error[  147.184333] EXT4-fs error (device mtdblock0): ext4_lookup:1437: inode #8193: comm ls: deleted inode referenced: 8198

ls: ./V_1: Input/output error[  147.197689] EXT4-fs error (device mtdblock0): ext4_lookup:1437: inode #8193: comm ls: deleted inode referenced: 8197

ls: ./Bwhcz.ini: Input/output err[  147.210901] EXT4-fs error (device mtdblock0): ext4_lookup:1437: inode #8193: comm ls: deleted inode referenced: 8199
or
ls: ./log: Input/output error[  147.224808] EXT4-fs error (device mtdblock0): ext4_lookup:1437: inode #8193: comm ls: deleted inode referenced: 8226

ls: ./Confignew.ini: Input/output error
[0;0mConfig.ini[0m     [0;0mScoutDev[0m       [0;0ma[0m              [0;0mconfignew.ini[0m
/mnt/ScoutDev # cat ca[J/mnt/ScoutDev # cat confignew.ini [J
a
/mnt/ScoutDev # cd ..
/mnt # ls
[1;34mScoutDev[0m    [0;0mboard.conf[0m  [1;34mlost+found[0m
/mnt # rm -rf Sc/mnt # rm -rf ScoutDev/[J
[  199.218675] EXT4-fs error (device mtdblock0): ext4_lookup:1437: inode #8193: comm rm: deleted inode referenced: 8200
rm: can't stat 'ScoutDev/BW': Inp[  199.230312] EXT4-fs error (device mtdblock0): ext4_lookup:1437: inode #8193: comm rm: deleted inode referenced: 8198
ut/output error
[  199.243746] EXT4-fs warning (device mtdblock0): ext4_unlink:2762: Deleting nonexistent file (8195), 0
rm: can't stat 'ScoutDev/V_1': In[  199.254926] EXT4-fs error (device mtdblock0): ext4_lookup:1437: inode #8193: comm rm: deleted inode referenced: 8197
put/output error
[  199.268043] EXT4-fs error (device mtdblock0): ext4_lookup:1437: inode #8193: comm rm: deleted inode referenced: 8199
rm: can't stat 'ScoutDev/Bwhcz.in[  199.279981] EXT4-fs warning (device mtdblock0): ext4_unlink:2762: Deleting nonexistent file (8194), 0
i': Input/output error
rm: can't[  199.292332] EXT4-fs error (device mtdblock0): ext4_lookup:1437: inode #8193: comm rm: deleted inode referenced: 8226
 stat 'ScoutDev/log': Input/output error
rm: can't stat 'ScoutDev/Confignew.ini': Input/output error
rm: can't remove 'ScoutDev': Directory not empty
/mnt # ls
[1;34mScoutDev[0m    [0;0mboard.conf[0m  [1;34mlost+found[0m
/mnt # cd ..
/ # ou[J[Jumount /mnt
/ # ls /mnt
/ # mount /dev/mtdblock0 /mnt
[  258.703413] EXT4-fs (mtdblock0): couldn't mount as ext3 due to feature incompatibilities
[  258.713153] EXT4-fs (mtdblock0): mounting ext2 file system using the ext4 subsystem
[  258.724803] EXT4-fs (mtdblock0): warning: mounting unchecked fs, running e2fsck is recommended
[  258.752643] EXT4-fs (mtdblock0): mounted filesystem without journal. Opts: (null)
/ # ls /mnt
[1;34mScoutDev[0m    [0;0mboard.conf[0m  [1;34mlost+found[0m
/ # mount
rootfs on / type rootfs (rw)
proc on /proc type proc (rw,nosuid,nodev,noexec,relatime)
sys on /sys type sysfs (rw,nosuid,nodev,noexec,relatime)
udev on /dev type devtmpfs (rw,nosuid,relatime,size=10240k,nr_inodes=31684,mode=755)
devpts on /dev/pts type devpts (rw,relatime,mode=600,ptmxmode=000)
/dev/mtdblock0 on /mnt type ext2 (rw,relatime)
/ # cd /mnt
/mnt # ls
[1;34mScoutDev[0m    [0;0mboard.conf[0m  [1;34mlost+found[0m
/mnt # ls
[1;34mScoutDev[0m    [0;0mboard.conf[0m  [1;34mlost+found[0m
/mnt # cd Sc[J[JSc/mnt # cd ScoutDev/[J
/mnt/ScoutDev # ls
[  314.266300] EXT4-fs error (device mtdblock0): ext4_lookup:1437: inode #8193: comm ls: deleted inode referenced: 8200
ls: ./BW: Input/output error[  314.277954] EXT4-fs error (device mtdblock0): ext4_lookup:1437: inode #8193: comm ls: deleted inode referenced: 8198

ls: ./V_1: Input/output error[  314.291176] EXT4-fs error (device mtdblock0): ext4_lookup:1437: inode #8193: comm ls: deleted inode referenced: 8197

ls: ./Bwhcz.ini: Input/output err[  314.304644] EXT4-fs error (device mtdblock0): ext4_lookup:1437: inode #8193: comm ls: deleted inode referenced: 8199
or
ls: ./log: Input/output error
[  314.318196] EXT4-fs error (device mtdblock0): ext4_lookup:1437: inode #8193: comm ls: deleted inode referenced: 8226
ls: ./Confignew.ini: Input/output error
/mnt/ScoutDev # cd /
/ # mount
rootfs on / type rootfs (rw)
proc on /proc type proc (rw,nosuid,nodev,noexec,relatime)
sys on /sys type sysfs (rw,nosuid,nodev,noexec,relatime)
udev on /dev type devtmpfs (rw,nosuid,relatime,size=10240k,nr_inodes=31684,mode=755)
devpts on /dev/pts type devpts (rw,relatime,mode=600,ptmxmode=000)
/dev/mtdblock0 on /mnt type ext2 (rw,relatime)
/ # ls /pro/ # ls /proc/[J
[1;34m1[0m             [1;34m21[0m            [1;34m71[0m            [0;0mdiskstats[0m     [0;0mloadavg[0m       [0;0mstat[0m
[1;34m10[0m            [1;34m22[0m            [1;34m8[0m             [1;34mdriver[0m        [0;0mlocks[0m         [1;34msys[0m
[1;34m11[0m            [1;34m3[0m             [1;34m9[0m             [0;0mexecdomains[0m   [0;0mmeminfo[0m       [0;0mtimer_list[0m
[1;34m12[0m            [1;34m32[0m            [0;0mbuddyinfo[0m     [0;0mfilesystems[0m   [0;0mmisc[0m          [1;34mtty[0m
[1;34m13[0m            [1;34m34[0m            [1;34mbus[0m           [1;34mfs[0m            [1;36mmounts[0m        [0;0muptime[0m
[1;34m14[0m            [1;34m40[0m            [0;0mcmdline[0m       [0;0minterrupts[0m    [0;0mmtd[0m           [0;0mversion[0m
[1;34m15[0m            [1;34m41[0m            [0;0mconfig.gz[0m     [0;0miomem[0m         [1;36mnet[0m           [0;0mvmallocinfo[0m
[1;34m16[0m            [1;34m47[0m            [0;0mconsoles[0m      [0;0mioports[0m       [0;0mpagetypeinfo[0m  [0;0mvmstat[0m
[1;34m17[0m            [1;34m5[0m             [1;34mcpu[0m           [1;34mirq[0m           [0;0mpartitions[0m    [0;0mzoneinfo[0m
[1;34m18[0m            [1;34m6[0m             [0;0mcpuinfo[0m       [0;0mkallsyms[0m      [0;0msched_debug[0m
[1;34m19[0m            [1;34m63[0m            [0;0mcrypto[0m        [0;0mkmsg[0m          [1;36mself[0m
[1;34m2[0m             [1;34m69[0m            [1;34mdevice-tree[0m   [0;0mkpagecount[0m    [0;0mslabinfo[0m
[1;34m20[0m            [1;34m7[0m             [0;0mdevices[0m       [0;0mkpageflags[0m    [0;0msoftirqs[0m
/ # cat /pro/ # cat /proc/[Jcmd/ # cat /proc/cmdline [J
console=ttymxc0,115200 mtdparts=mxc_nand:640M@8M(my-rootfs),128M@648M(my-datafs)
/ # dem[J[J[Jdme/ # dmesg [Jext[J[J[J| grep ext
[    0.000000]       .text : 0xc0008000 - 0xc03ff65c   (4062 kB)
[    0.355943] NetWinder Floating Point Emulator V0.97 (extended precision)
[    1.218954] EXT4-fs (mtdblock0): couldn't mount as ext3 due to feature incompatibilities
[    1.228739] EXT4-fs (mtdblock0): mounting ext2 file system using the ext4 subsystem
[    1.291002] EXT4-fs error (device mtdblock0): ext4_lookup:1437: inode #8193: comm rcS: deleted inode referenced: 8194
[    1.324058] EXT4-fs error (device mtdblock0): ext4_lookup:1437: inode #8193: comm rcS: deleted inode referenced: 8194
[   39.374818] EXT4-fs error (device mtdblock0): ext4_lookup:1437: inode #8193: comm ls: deleted inode referenced: 8200
[   39.386459] EXT4-fs error (device mtdblock0): ext4_lookup:1437: inode #8193: comm ls: deleted inode referenced: 8198
[   39.399678] EXT4-fs error (device mtdblock0): ext4_lookup:1437: inode #8193: comm ls: deleted inode referenced: 8195
[   39.413007] EXT4-fs error (device mtdblock0): ext4_lookup:1437: inode #8193: comm ls: deleted inode referenced: 8197
[   39.426710] EXT4-fs error (device mtdblock0): ext4_lookup:1437: inode #8193: comm ls: deleted inode referenced: 8199
[   39.440433] EXT4-fs error (device mtdblock0): ext4_lookup:1437: inode #8193: comm ls: deleted inode referenced: 8194
[   39.454064] EXT4-fs error (device mtdblock0): ext4_lookup:1437: inode #8193: comm ls: deleted inode referenced: 8226
[   54.549857] EXT4-fs error (device mtdblock0): ext4_lookup:1437: inode #8193: comm ls: deleted inode referenced: 8200
[   54.561463] EXT4-fs error (device mtdblock0): ext4_lookup:1437: inode #8193: comm ls: deleted inode referenced: 8198
[   54.574812] EXT4-fs error (device mtdblock0): ext4_lookup:1437: inode #8193: comm ls: deleted inode referenced: 8195
[   54.587999] EXT4-fs error (device mtdblock0): ext4_lookup:1437: inode #8193: comm ls: deleted inode referenced: 8197
[   54.601639] EXT4-fs error (device mtdblock0): ext4_lookup:1437: inode #8193: comm ls: deleted inode referenced: 8199
[   54.615441] EXT4-fs error (device mtdblock0): ext4_lookup:1437: inode #8193: comm ls: deleted inode referenced: 8194
[   54.629052] EXT4-fs error (device mtdblock0): ext4_lookup:1437: inode #8193: comm ls: deleted inode referenced: 8226
[   83.546832] EXT4-fs error (device mtdblock0): ext4_lookup:1437: inode #8193: comm ls: deleted inode referenced: 8200
[   83.558488] EXT4-fs error (device mtdblock0): ext4_lookup:1437: inode #8193: comm ls: deleted inode referenced: 8198
[   83.571704] EXT4-fs error (device mtdblock0): ext4_lookup:1437: inode #8193: comm ls: deleted inode referenced: 8195
[   83.585123] EXT4-fs error (device mtdblock0): ext4_lookup:1437: inode #8193: comm ls: deleted inode referenced: 8197
[   83.598762] EXT4-fs error (device mtdblock0): ext4_lookup:1437: inode #8193: comm ls: deleted inode referenced: 8199
[   83.612716] EXT4-fs error (device mtdblock0): ext4_lookup:1437: inode #8193: comm ls: deleted inode referenced: 8226
[   89.572715] EXT4-fs error (device mtdblock0): ext4_lookup:1437: inode #8193: comm ls: deleted inode referenced: 8200
[   89.584410] EXT4-fs error (device mtdblock0): ext4_lookup:1437: inode #8193: comm ls: deleted inode referenced: 8198
[   89.597575] EXT4-fs error (device mtdblock0): ext4_lookup:1437: inode #8193: comm ls: deleted inode referenced: 8195
[   89.610904] EXT4-fs error (device mtdblock0): ext4_lookup:1437: inode #8193: comm ls: deleted inode referenced: 8197
[   89.624745] EXT4-fs error (device mtdblock0): ext4_lookup:1437: inode #8193: comm ls: deleted inode referenced: 8199
[   89.638425] EXT4-fs error (device mtdblock0): ext4_lookup:1437: inode #8193: comm ls: deleted inode referenced: 8226
[  147.172734] EXT4-fs error (device mtdblock0): ext4_lookup:1437: inode #8193: comm ls: deleted inode referenced: 8200
[  147.184333] EXT4-fs error (device mtdblock0): ext4_lookup:1437: inode #8193: comm ls: deleted inode referenced: 8198
[  147.197689] EXT4-fs error (device mtdblock0): ext4_lookup:1437: inode #8193: comm ls: deleted inode referenced: 8197
[  147.210901] EXT4-fs error (device mtdblock0): ext4_lookup:1437: inode #8193: comm ls: deleted inode referenced: 8199
[  147.224808] EXT4-fs error (device mtdblock0): ext4_lookup:1437: inode #8193: comm ls: deleted inode referenced: 8226
[  199.218675] EXT4-fs error (device mtdblock0): ext4_lookup:1437: inode #8193: comm rm: deleted inode referenced: 8200
[  199.230312] EXT4-fs error (device mtdblock0): ext4_lookup:1437: inode #8193: comm rm: deleted inode referenced: 8198
[  199.243746] EXT4-fs warning (device mtdblock0): ext4_unlink:2762: Deleting nonexistent file (8195), 0
[  199.254926] EXT4-fs error (device mtdblock0): ext4_lookup:1437: inode #8193: comm rm: deleted inode referenced: 8197
[  199.268043] EXT4-fs error (device mtdblock0): ext4_lookup:1437: inode #8193: comm rm: deleted inode referenced: 8199
[  199.279981] EXT4-fs warning (device mtdblock0): ext4_unlink:2762: Deleting nonexistent file (8194), 0
[  199.292332] EXT4-fs error (device mtdblock0): ext4_lookup:1437: inode #8193: comm rm: deleted inode referenced: 8226
[  258.703413] EXT4-fs (mtdblock0): couldn't mount as ext3 due to feature incompatibilities
[  258.713153] EXT4-fs (mtdblock0): mounting ext2 file system using the ext4 subsystem
[  314.266300] EXT4-fs error (device mtdblock0): ext4_lookup:1437: inode #8193: comm ls: deleted inode referenced: 8200
[  314.277954] EXT4-fs error (device mtdblock0): ext4_lookup:1437: inode #8193: comm ls: deleted inode referenced: 8198
[  314.291176] EXT4-fs error (device mtdblock0): ext4_lookup:1437: inode #8193: comm ls: deleted inode referenced: 8197
[  314.304644] EXT4-fs error (device mtdblock0): ext4_lookup:1437: inode #8193: comm ls: deleted inode referenced: 8199
[  314.318196] EXT4-fs error (device mtdblock0): ext4_lookup:1437: inode #8193: comm ls: deleted inode referenced: 8226
/ # [  559.854461] EXT4-fs (mtdblock0): error count: 43
[  559.859110] EXT4-fs (mtdblock0): initial error at 1: ext4_lookup:1437: inode 8193
[  559.866666] EXT4-fs (mtdblock0): last error at 314: ext4_lookup:1437: inode 8193

U-Boot 2013.07-00206-gf99b772 (Sep 25 2013 - 21:42:59)

CPU:   Freescale i.MX51 rev3.0 at 800 MHz
Reset cause: POR
Board: MX51-NanJing.XiaoJin
DRAM:  256 MiB
NAND:  NAND device: Manufacturer ID: 0xec, Chip ID: 0xd3 (Samsung NAND 1GiB 3,3V 8-bit), page size: 2048, OOB size: 64
1024 MiB
MMC:   FSL_SDHC: 0, FSL_SDHC: 1
MMC: no card present
MMC init failed
Using default environment

In:    serial
Out:   serial
Err:   serial
loop for test LED: 0
loop for test LED: 1
loop for test LED: 2
loop for test LED: 3
loop for test LED: 4
Net:   FEC [PRIME]
Hit any key to stop autoboot:  1  0 

NAND read: device 0 offset 0x0, size 0x200
Bad block table found at page 524224, version 0x01
Bad block table found at page 524160, version 0x01
 512 bytes read: OK
## Executing script at 91000000
nand read 93000000 4a800  2f0800

NAND read: device 0 offset 0x4a800, size 0x2f0800
 3082240 bytes read: OK
bootz 93000000  93180000:170400
Kernel image @ 0x93000000 [ 0x000000 - 0x1738d8 ]

Starting kernel ...

Uncompressing Linux... done, booting the kernel.
[    0.000000] Booting Linux on physical CPU 0x0
[    0.000000] Linux version 3.10.2 (brock_zheng@localhost) (gcc version 4.8.1 (crosstool-NG hg+unknown-20130805.123855) ) #1 PREEMPT Wed Sep 25 21:13:23 CST 2013
[    0.000000] CPU: ARMv7 Processor [412fc085] revision 5 (ARMv7), cr=10c53c7d
[    0.000000] CPU: PIPT / VIPT nonaliasing data cache, VIPT aliasing instruction cache
[    0.000000] Machine: Freescale MX51 Babbage Board
[    0.000000] Memory policy: ECC disabled, Data cache writeback
[    0.000000] CPU: All CPU(s) started in SVC mode.
[    0.000000] Built 1 zonelists in Zone order, mobility grouping on.  Total pages: 65024
[    0.000000] Kernel command line: console=ttymxc0,115200 mtdparts=mxc_nand:640M@8M(my-rootfs),128M@648M(my-datafs)
[    0.000000] PID hash table entries: 1024 (order: 0, 4096 bytes)
[    0.000000] Dentry cache hash table entries: 32768 (order: 5, 131072 bytes)
[    0.000000] Inode-cache hash table entries: 16384 (order: 4, 65536 bytes)
[    0.000000] Memory: 256MB = 256MB total
[    0.000000] Memory: 253472k/253472k available, 8672k reserved, 0K highmem
[    0.000000] Virtual kernel memory layout:
[    0.000000]     vector  : 0xffff0000 - 0xffff1000   (   4 kB)
[    0.000000]     fixmap  : 0xfff00000 - 0xfffe0000   ( 896 kB)
[    0.000000]     vmalloc : 0xd0800000 - 0xff000000   ( 744 MB)
[    0.000000]     lowmem  : 0xc0000000 - 0xd0000000   ( 256 MB)
[    0.000000]       .text : 0xc0008000 - 0xc03ff65c   (4062 kB)
[    0.000000]       .init : 0xc0400000 - 0xc043d004   ( 245 kB)
[    0.000000]       .data : 0xc043e000 - 0xc0478f50   ( 236 kB)
[    0.000000]        .bss : 0xc0478f50 - 0xc04c8a84   ( 319 kB)
[    0.000000] SLUB: HWalign=64, Order=0-3, MinObjects=0, CPUs=1, Nodes=1
[    0.000000] Preemptible hierarchical RCU implementation.
[    0.000000] NR_IRQS:16 nr_irqs:16 16
[    0.000000] TrustZone Interrupt Controller (TZIC) initialized
[    0.000000] sched_clock: 32 bits at 24MHz, resolution 41ns, wraps every 178956ms
[    0.000000] CPU identified as i.MX51, silicon rev 3.0
[    0.000000] Console: colour dummy device 80x30
[    0.000298] Calibrating delay loop... 531.66 BogoMIPS (lpj=2658304)
[    0.060216] pid_max: default: 32768 minimum: 301
[    0.060452] Mount-cache hash table entries: 512
[    0.061392] CPU: Testing write buffer coherency: ok
[    0.061492] ftrace: allocating 11366 entries in 34 pages
[    0.087312] Setting up static identity map for 0xc0304970 - 0xc03049c8
[    0.102417] devtmpfs: initialized
[    0.111531] pinctrl core: initialized pinctrl subsystem
[    0.111927] NET: Registered protocol family 16
[    0.112913] DMA: preallocated 256 KiB pool for atomic coherent allocations
[    0.271496] bio: create slab <bio-0> at 0
[    0.272795] usbcore: registered new interface driver usbfs
[    0.272896] usbcore: registered new interface driver hub
[    0.273178] usbcore: registered new device driver usb
[    0.273449] pps_core: LinuxPPS API ver. 1 registered
[    0.273469] pps_core: Software ver. 5.3.6 - Copyright 2005-2007 Rodolfo Giometti <giometti@linux.it>
[    0.273520] PTP clock support registered
[    0.274345] Switching to clocksource mxc_timer1
[    0.335270] NET: Registered protocol family 2
[    0.336335] TCP established hash table entries: 2048 (order: 2, 16384 bytes)
[    0.336405] TCP bind hash table entries: 2048 (order: 1, 8192 bytes)
[    0.336442] TCP: Hash tables configured (established 2048 bind 2048)
[    0.336577] TCP: reno registered
[    0.336607] UDP hash table entries: 256 (order: 0, 4096 bytes)
[    0.336633] UDP-Lite hash table entries: 256 (order: 0, 4096 bytes)
[    0.337023] NET: Registered protocol family 1
[    0.337519] Trying to unpack rootfs image as initramfs...
[    0.355708] Freeing initrd memory: 1472K (c3180000 - c32f0000)
[    0.355777] NetWinder Floating Point Emulator V0.97 (extended precision)
[    0.366197] jffs2: version 2.2. (NAND) (SUMMARY)     2001-2006 Red Hat, Inc.
[    0.367506] Block layer SCSI generic (bsg) driver version 0.4 loaded (major 250)
[    0.367534] io scheduler noop registered
[    0.367547] io scheduler deadline registered
[    0.367598] io scheduler cfq registered (default)
[    0.487299] Serial: IMX driver
[    0.487559] imx21-uart.0: ttymxc0 at MMIO 0x73fbc000 (irq = 47) is a IMX
[    0.866111] console [ttymxc0] enabled
[    0.870351] imx21-uart.1: ttymxc1 at MMIO 0x73fc0000 (irq = 48) is a IMX
[    0.877699] imx21-uart.2: ttymxc2 at MMIO 0x7000c000 (irq = 49) is a IMX
[    0.895201] brd: module loaded
[    0.903830] loop: module loaded
[    0.908302] NAND device: Manufacturer ID: 0xec, Chip ID: 0xd3 (Samsung NAND 1GiB 3,3V 8-bit), 1024MiB, page size: 2048, OOB size: 64
[    0.920742] Bad block table found at page 524224, version 0x01
[    0.927199] Bad block table found at page 524160, version 0x01
[    0.933571] 2 cmdlinepart partitions found on MTD device mxc_nand
[    0.939744] Creating 2 MTD partitions on "mxc_nand":
[    0.944771] 0x000000800000-0x000028800000 : "my-rootfs"
[    0.953438] ftl_cs: FTL header not found.
[    0.958508] 0x000028800000-0x000030800000 : "my-datafs"
[    0.966763] ftl_cs: FTL header not found.
[    0.972426] spi_imx imx51-ecspi.0: master is unqueued, this is deprecated
[    0.979532] spi_imx imx51-ecspi.0: probed
[    0.983999] FEC resource: start=0x83fec000, end=0x83fecfff, name=imx27-fec.0, flags=0x00000200
[    0.996298] libphy: fec_enet_mii_bus: probed
[    1.002014] imx2-wdt imx2-wdt.0: IMX2+ Watchdog Timer enabled. timeout=60s (nowayout=0)
[    1.010491] usbcore: registered new interface driver usbhid
[    1.016148] usbhid: USB HID core driver
[    1.020232] TCP: cubic registered
[    1.023597] VFP support v0.3: implementor 41 architecture 3 part 30 variant c rev 2
[    1.032911] /home/brock_zheng/working/learning/ARM-i.MX515-Linux/softwares/linux-kernel/linux-kernel-v3.10.2/drivers/rtc/hctosys.c: unable to open rtc device (rtc0)
[    1.049392] Freeing unused kernel memory: 244K (c0400000 - c043d000)
setup watchdog: timeout=4sec, reset interval=2sec
[    1.126675] imx2-wdt imx2-wdt.0: set timeout = 4
[    1.218646] EXT4-fs (mtdblock0): couldn't mount as ext3 due to feature incompatibilities
[    1.228438] EXT4-fs (mtdblock0): mounting ext2 file system using the ext4 subsystem
[    1.240341] EXT4-fs (mtdblock0): warning: mounting unchecked fs, running e2fsck is recommended
[    1.268598] EXT4-fs (mtdblock0): mounted filesystem without journal. Opts: (null)
/etc/init.d/rcS: /mnt/board.conf: line 3: ./mnt/ScoutDev/ScoutDev: not found
[    1.297830] fec imx27-fec.0 eth0: Freescale FEC PHY driver [SMSC LAN8710/LAN8720] (mii_bus:phy_addr=imx27-fec-1:00, irq=-1)
sh: 0: unknown operand
====================================================
     Tiny Linux created by Brock.Zheng
      0c6d4c99e37554a10f65445303cc11ac50dc8726
====================================================
(none) login: root
login[47]: root login on 'ttymxc0'
~ # pwd
/root
~ # ls -l
total 8
-rwxr-xr-x    1 root     root           274 Sep 16  2013 [1;32mblink-led7.sh[0m
-rwxr-xr-x    1 root     root          1507 Sep 12  2013 [1;32mprepare-app.sh[0m
~ # echo a >a
~ # ls
[0;0ma[0m               [1;32mblink-led7.sh[0m   [1;32mprepare-app.sh[0m
~ # cat a
a
~ # reboot
The system is going down NOW!
Sent SIGTERM to all processes
Terminated
~ # Sent SIGKILL to all processesRequesting system reboot
[   35.945145] imx2-wdt imx2-wdt.0: set timeout = 128
[   35.949966] imx2-wdt imx2-wdt.0: Device shutdown: Expect reboot!
[   35.956103] Restarting system.


U-Boot 2013.07-00206-gf99b772 (Sep 25 2013 - 21:42:59)

CPU:   Freescale i.MX51 rev3.0 at 800 MHz
Reset cause: WDOG
Board: MX51-NanJing.XiaoJin
DRAM:  256 MiB
NAND:  NAND device: Manufacturer ID: 0xec, Chip ID: 0xd3 (Samsung NAND 1GiB 3,3V 8-bit), page size: 2048, OOB size: 64
1024 MiB
MMC:   FSL_SDHC: 0, FSL_SDHC: 1
MMC: no card present
MMC init failed
Using default environment

In:    serial
Out:   serial
Err:   serial
loop for test LED: 0
loop for test LED: 1
loop for test LED: 2
loop for test LED: 3
loop for test LED: 4
Net:   FEC [PRIME]
Hit any key to stop autoboot:  1  0 

NAND read: device 0 offset 0x0, size 0x200
Bad block table found at page 524224, version 0x01
Bad block table found at page 524160, version 0x01
 512 bytes read: OK
## Executing script at 91000000
nand read 93000000 4a800  2f0800

NAND read: device 0 offset 0x4a800, size 0x2f0800
 3082240 bytes read: OK
bootz 93000000  93180000:170400
Kernel image @ 0x93000000 [ 0x000000 - 0x1738d8 ]

Starting kernel ...

Uncompressing Linux... done, booting the kernel.
[    0.000000] Booting Linux on physical CPU 0x0
[    0.000000] Linux version 3.10.2 (brock_zheng@localhost) (gcc version 4.8.1 (crosstool-NG hg+unknown-20130805.123855) ) #1 PREEMPT Wed Sep 25 21:13:23 CST 2013
[    0.000000] CPU: ARMv7 Processor [412fc085] revision 5 (ARMv7), cr=10c53c7d
[    0.000000] CPU: PIPT / VIPT nonaliasing data cache, VIPT aliasing instruction cache
[    0.000000] Machine: Freescale MX51 Babbage Board
[    0.000000] Memory policy: ECC disabled, Data cache writeback
[    0.000000] CPU: All CPU(s) started in SVC mode.
[    0.000000] Built 1 zonelists in Zone order, mobility grouping on.  Total pages: 65024
[    0.000000] Kernel command line: console=ttymxc0,115200 mtdparts=mxc_nand:640M@8M(my-rootfs),128M@648M(my-datafs)
[    0.000000] PID hash table entries: 1024 (order: 0, 4096 bytes)
[    0.000000] Dentry cache hash table entries: 32768 (order: 5, 131072 bytes)
[    0.000000] Inode-cache hash table entries: 16384 (order: 4, 65536 bytes)
[    0.000000] Memory: 256MB = 256MB total
[    0.000000] Memory: 253472k/253472k available, 8672k reserved, 0K highmem
[    0.000000] Virtual kernel memory layout:
[    0.000000]     vector  : 0xffff0000 - 0xffff1000   (   4 kB)
[    0.000000]     fixmap  : 0xfff00000 - 0xfffe0000   ( 896 kB)
[    0.000000]     vmalloc : 0xd0800000 - 0xff000000   ( 744 MB)
[    0.000000]     lowmem  : 0xc0000000 - 0xd0000000   ( 256 MB)
[    0.000000]       .text : 0xc0008000 - 0xc03ff65c   (4062 kB)
[    0.000000]       .init : 0xc0400000 - 0xc043d004   ( 245 kB)
[    0.000000]       .data : 0xc043e000 - 0xc0478f50   ( 236 kB)
[    0.000000]        .bss : 0xc0478f50 - 0xc04c8a84   ( 319 kB)
[    0.000000] SLUB: HWalign=64, Order=0-3, MinObjects=0, CPUs=1, Nodes=1
[    0.000000] Preemptible hierarchical RCU implementation.
[    0.000000] NR_IRQS:16 nr_irqs:16 16
[    0.000000] TrustZone Interrupt Controller (TZIC) initialized
[    0.000000] sched_clock: 32 bits at 24MHz, resolution 41ns, wraps every 178956ms
[    0.000000] CPU identified as i.MX51, silicon rev 3.0
[    0.000000] Console: colour dummy device 80x30
[    0.000299] Calibrating delay loop... 531.66 BogoMIPS (lpj=2658304)
[    0.060212] pid_max: default: 32768 minimum: 301
[    0.060446] Mount-cache hash table entries: 512
[    0.061378] CPU: Testing write buffer coherency: ok
[    0.061486] ftrace: allocating 11366 entries in 34 pages
[    0.087301] Setting up static identity map for 0xc0304970 - 0xc03049c8
[    0.102408] devtmpfs: initialized
[    0.111487] pinctrl core: initialized pinctrl subsystem
[    0.111871] NET: Registered protocol family 16
[    0.112861] DMA: preallocated 256 KiB pool for atomic coherent allocations
[    0.271499] bio: create slab <bio-0> at 0
[    0.272807] usbcore: registered new interface driver usbfs
[    0.272905] usbcore: registered new interface driver hub
[    0.273191] usbcore: registered new device driver usb
[    0.273459] pps_core: LinuxPPS API ver. 1 registered
[    0.273477] pps_core: Software ver. 5.3.6 - Copyright 2005-2007 Rodolfo Giometti <giometti@linux.it>
[    0.273529] PTP clock support registered
[    0.274357] Switching to clocksource mxc_timer1
[    0.335481] NET: Registered protocol family 2
[    0.336526] TCP established hash table entries: 2048 (order: 2, 16384 bytes)
[    0.336594] TCP bind hash table entries: 2048 (order: 1, 8192 bytes)
[    0.336630] TCP: Hash tables configured (established 2048 bind 2048)
[    0.336770] TCP: reno registered
[    0.336798] UDP hash table entries: 256 (order: 0, 4096 bytes)
[    0.336825] UDP-Lite hash table entries: 256 (order: 0, 4096 bytes)
[    0.337210] NET: Registered protocol family 1
[    0.337699] Trying to unpack rootfs image as initramfs...
[    0.355904] Freeing initrd memory: 1472K (c3180000 - c32f0000)
[    0.355977] NetWinder Floating Point Emulator V0.97 (extended precision)
[    0.366366] jffs2: version 2.2. (NAND) (SUMMARY)     2001-2006 Red Hat, Inc.
[    0.367678] Block layer SCSI generic (bsg) driver version 0.4 loaded (major 250)
[    0.367707] io scheduler noop registered
[    0.367720] io scheduler deadline registered
[    0.367769] io scheduler cfq registered (default)
[    0.487430] Serial: IMX driver
[    0.487693] imx21-uart.0: ttymxc0 at MMIO 0x73fbc000 (irq = 47) is a IMX
[    0.866231] console [ttymxc0] enabled
[    0.870484] imx21-uart.1: ttymxc1 at MMIO 0x73fc0000 (irq = 48) is a IMX
[    0.877829] imx21-uart.2: ttymxc2 at MMIO 0x7000c000 (irq = 49) is a IMX
[    0.895318] brd: module loaded
[    0.903987] loop: module loaded
[    0.908431] NAND device: Manufacturer ID: 0xec, Chip ID: 0xd3 (Samsung NAND 1GiB 3,3V 8-bit), 1024MiB, page size: 2048, OOB size: 64
[    0.920881] Bad block table found at page 524224, version 0x01
[    0.927340] Bad block table found at page 524160, version 0x01
[    0.933715] 2 cmdlinepart partitions found on MTD device mxc_nand
[    0.939890] Creating 2 MTD partitions on "mxc_nand":
[    0.944912] 0x000000800000-0x000028800000 : "my-rootfs"
[    0.953626] ftl_cs: FTL header not found.
[    0.958712] 0x000028800000-0x000030800000 : "my-datafs"
[    0.966990] ftl_cs: FTL header not found.
[    0.972640] spi_imx imx51-ecspi.0: master is unqueued, this is deprecated
[    0.979747] spi_imx imx51-ecspi.0: probed
[    0.984225] FEC resource: start=0x83fec000, end=0x83fecfff, name=imx27-fec.0, flags=0x00000200
[    0.996572] libphy: fec_enet_mii_bus: probed
[    1.002290] imx2-wdt imx2-wdt.0: IMX2+ Watchdog Timer enabled. timeout=60s (nowayout=0)
[    1.010754] usbcore: registered new interface driver usbhid
[    1.016412] usbhid: USB HID core driver
[    1.020501] TCP: cubic registered
[    1.023869] VFP support v0.3: implementor 41 architecture 3 part 30 variant c rev 2
[    1.033190] /home/brock_zheng/working/learning/ARM-i.MX515-Linux/softwares/linux-kernel/linux-kernel-v3.10.2/drivers/rtc/hctosys.c: unable to open rtc device (rtc0)
[    1.049655] Freeing unused kernel memory: 244K (c0400000 - c043d000)
setup watchdog: timeout=4sec, reset interval=2sec
[    1.126705] imx2-wdt imx2-wdt.0: set timeout = 4
[    1.219123] EXT4-fs (mtdblock0): couldn't mount as ext3 due to feature incompatibilities
[    1.228923] EXT4-fs (mtdblock0): mounting ext2 file system using the ext4 subsystem
[    1.240834] EXT4-fs (mtdblock0): warning: mounting unchecked fs, running e2fsck is recommended
[    1.269099] EXT4-fs (mtdblock0): mounted filesystem without journal. Opts: (null)
/etc/init.d/rcS: /mnt/board.conf: line 3: ./mnt/ScoutDev/ScoutDev: not found
[    1.298595] fec imx27-fec.0 eth0: Freescale FEC PHY driver [SMSC LAN8710/LAN8720] (mii_bus:phy_addr=imx27-fec-1:00, irq=-1)
sh: 0: unknown operand
====================================================
     Tiny Linux created by Brock.Zheng
      0c6d4c99e37554a10f65445303cc11ac50dc8726
====================================================
(none) login: root
login[47]: root login on 'ttymxc0'
~ # ls
[1;32mblink-led7.sh[0m   [1;32mprepare-app.sh[0m
~ # cat p[J/pro~ # cat /proc/[Jcmd~ # cat /proc/cmdline [J
console=ttymxc0,115200 mtdparts=mxc_nand:640M@8M(my-rootfs),128M@648M(my-datafs)
~ # ls
[1;32mblink-led7.sh[0m   [1;32mprepare-app.sh[0m
~ # dme~ # dmesg [J
[    0.000000] Booting Linux on physical CPU 0x0
[    0.000000] Linux version 3.10.2 (brock_zheng@localhost) (gcc version 4.8.1 (crosstool-NG hg+unknown-20130805.123855) ) #1 PREEMPT Wed Sep 25 21:13:23 CST 2013
[    0.000000] CPU: ARMv7 Processor [412fc085] revision 5 (ARMv7), cr=10c53c7d
[    0.000000] CPU: PIPT / VIPT nonaliasing data cache, VIPT aliasing instruction cache
[    0.000000] Machine: Freescale MX51 Babbage Board
[    0.000000] Memory policy: ECC disabled, Data cache writeback
[    0.000000] On node 0 totalpages: 65536
[    0.000000] free_area_init_node: node 0, pgdat c0475240, node_mem_map c04c9000
[    0.000000]   Normal zone: 512 pages used for memmap
[    0.000000]   Normal zone: 0 pages reserved
[    0.000000]   Normal zone: 65536 pages, LIFO batch:15
[    0.000000] CPU: All CPU(s) started in SVC mode.
[    0.000000] pcpu-alloc: s0 r0 d32768 u32768 alloc=1*32768
[    0.000000] pcpu-alloc: [0] 0 
[    0.000000] Built 1 zonelists in Zone order, mobility grouping on.  Total pages: 65024
[    0.000000] Kernel command line: console=ttymxc0,115200 mtdparts=mxc_nand:640M@8M(my-rootfs),128M@648M(my-datafs)
[    0.000000] PID hash table entries: 1024 (order: 0, 4096 bytes)
[    0.000000] Dentry cache hash table entries: 32768 (order: 5, 131072 bytes)
[    0.000000] Inode-cache hash table entries: 16384 (order: 4, 65536 bytes)
[    0.000000] Memory: 256MB = 256MB total
[    0.000000] Memory: 253472k/253472k available, 8672k reserved, 0K highmem
[    0.000000] Virtual kernel memory layout:
[    0.000000]     vector  : 0xffff0000 - 0xffff1000   (   4 kB)
[    0.000000]     fixmap  : 0xfff00000 - 0xfffe0000   ( 896 kB)
[    0.000000]     vmalloc : 0xd0800000 - 0xff000000   ( 744 MB)
[    0.000000]     lowmem  : 0xc0000000 - 0xd0000000   ( 256 MB)
[    0.000000]       .text : 0xc0008000 - 0xc03ff65c   (4062 kB)
[    0.000000]       .init : 0xc0400000 - 0xc043d004   ( 245 kB)
[    0.000000]       .data : 0xc043e000 - 0xc0478f50   ( 236 kB)
[    0.000000]        .bss : 0xc0478f50 - 0xc04c8a84   ( 319 kB)
[    0.000000] SLUB: HWalign=64, Order=0-3, MinObjects=0, CPUs=1, Nodes=1
[    0.000000] Preemptible hierarchical RCU implementation.
[    0.000000] NR_IRQS:16 nr_irqs:16 16
[    0.000000] TrustZone Interrupt Controller (TZIC) initialized
[    0.000000] sched_clock: 32 bits at 24MHz, resolution 41ns, wraps every 178956ms
[    0.000000] CPU identified as i.MX51, silicon rev 3.0
[    0.000000] Console: colour dummy device 80x30
[    0.000299] Calibrating delay loop... 531.66 BogoMIPS (lpj=2658304)
[    0.060212] pid_max: default: 32768 minimum: 301
[    0.060446] Mount-cache hash table entries: 512
[    0.061378] CPU: Testing write buffer coherency: ok
[    0.061486] ftrace: allocating 11366 entries in 34 pages
[    0.087301] Setting up static identity map for 0xc0304970 - 0xc03049c8
[    0.102408] devtmpfs: initialized
[    0.111487] pinctrl core: initialized pinctrl subsystem
[    0.111871] NET: Registered protocol family 16
[    0.112861] DMA: preallocated 256 KiB pool for atomic coherent allocations
[    0.271499] bio: create slab <bio-0> at 0
[    0.272807] usbcore: registered new interface driver usbfs
[    0.272905] usbcore: registered new interface driver hub
[    0.273191] usbcore: registered new device driver usb
[    0.273459] pps_core: LinuxPPS API ver. 1 registered
[    0.273477] pps_core: Software ver. 5.3.6 - Copyright 2005-2007 Rodolfo Giometti <giometti@linux.it>
[    0.273529] PTP clock support registered
[    0.274357] Switching to clocksource mxc_timer1
[    0.335481] NET: Registered protocol family 2
[    0.336526] TCP established hash table entries: 2048 (order: 2, 16384 bytes)
[    0.336594] TCP bind hash table entries: 2048 (order: 1, 8192 bytes)
[    0.336630] TCP: Hash tables configured (established 2048 bind 2048)
[    0.336770] TCP: reno registered
[    0.336798] UDP hash table entries: 256 (order: 0, 4096 bytes)
[    0.336825] UDP-Lite hash table entries: 256 (order: 0, 4096 bytes)
[    0.337210] NET: Registered protocol family 1
[    0.337699] Trying to unpac k rootfs image as initramfs...
[    0.355904] Freeing initrd memory: 1472K (c3180000 - c32f0000)
[    0.355977] NetWinder Floating Point Emulator V0.97 (extended precision)
[    0.366366] jffs2: version 2.2. (NAND) (SUMMARY)     2001-2006 Red Hat, Inc.
[    0.367678] Block layer SCSI generic (bsg) driver version 0.4 loaded (major 250)
[    0.367707] io scheduler noop registered
[    0.367720] io scheduler deadline registered
[    0.367769] io scheduler cfq registered (default)
[    0.487430] Serial: IMX driver
[    0.487693] imx21-uart.0: ttymxc0 at MMIO 0x73fbc000 (irq = 47) is a IMX
[    0.866231] console [ttymxc0] enabled
[    0.870484] imx21-uart.1: ttymxc1 at MMIO 0x73fc0000 (irq = 48) is a IMX
[    0.877829] imx21-uart.2: ttymxc2 at MMIO 0x7000c000 (irq = 49) is a IMX
[    0.895318] brd: module loaded
[    0.903987] loop: module loaded
[    0.908431] NAND device: Manufacturer ID: 0xec, Chip ID: 0xd3 (Samsung NAND 1GiB 3,3V 8-bit), 1024MiB, page size: 2048, OOB size: 64
[    0.920881] Bad block table found at page 524224, version 0x01
[    0.927340] Bad block table found at page 524160, version 0x01
[    0.933715] 2 cmdlinepart partitions found on MTD device mxc_nand
[    0.939890] Creating 2 MTD partitions on "mxc_nand":
[    0.944912] 0x000000800000-0x000028800000 : "my-rootfs"
[    0.953626] ftl_cs: FTL header not found.
[    0.958712] 0x000028800000-0x000030800000 : "my-datafs"
[    0.966990] ftl_cs: FTL header not found.
[    0.972640] spi_imx imx51-ecspi.0: master is unqueued, this is deprecated
[    0.979747] spi_imx imx51-ecspi.0: probed
[    0.984225] FEC resource: start=0x83fec000, end=0x83fecfff, name=imx27-fec.0, flags=0x00000200
[    0.996572] libphy: fec_enet_mii_bus: probed
[    1.002290] imx2-wdt imx2-wdt.0: IMX2+ Watchdog Timer enabled. timeout=60s (nowayout=0)
[    1.010754] usbcore: registered new interface driver usbhid
[    1.016412] usbhid: USB HID core driver
[    1.020501] TCP: cubic registered
[    1.023869] VFP support v0.3: implementor 41 architecture 3 part 30 variant c rev 2
[    1.033190] /home/brock_zheng/working/learning/ARM-i.MX515-Linux/softwares/linux-kernel/linux-kernel-v3.10.2/drivers/rtc/hctosys.c: unable to open rtc device (rtc0)
[    1.049655] Freeing unused kernel memory: 244K (c0400000 - c043d000)
[    1.126705] imx2-wdt imx2-wdt.0: set timeout = 4
[    1.219123] EXT4-fs (mtdblock0): couldn't mount as ext3 due to feature incompatibilities
[    1.228923] EXT4-fs (mtdblock0): mounting ext2 file system using the ext4 subsystem
[    1.240834] EXT4-fs (mtdblock0): warning: mounting unchecked fs, running e2fsck is recommended
[    1.269099] EXT4-fs (mtdblock0): mounted filesystem without journal. Opts: (null)
[    1.298595] fec imx27-fec.0 eth0: Freescale FEC PHY driver [SMSC LAN8710/LAN8720] (mii_bus:phy_addr=imx27-fec-1:00, irq=-1)
~ #  
~ # dme~ # dmesg [J
[    0.000000] Booting Linux on physical CPU 0x0
[    0.000000] Linux version 3.10.2 (brock_zheng@localhost) (gcc version 4.8.1 (crosstool-NG hg+unknown-20130805.123855) ) #1 PREEMPT Wed Sep 25 21:13:23 CST 2013
[    0.000000] CPU: ARMv7 Processor [412fc085] revision 5 (ARMv7), cr=10c53c7d
[    0.000000] CPU: PIPT / VIPT nonaliasing data cache, VIPT aliasing instruction cache
[    0.000000] Machine: Freescale MX51 Babbage Board
[    0.000000] Memory policy: ECC disabled, Data cache writeback
[    0.000000] On node 0 totalpages: 65536
[    0.000000] free_area_init_node: node 0, pgdat c0475240, node_mem_map c04c9000
[    0.000000]   Normal zone: 512 pages used for memmap
[    0.000000]   Normal zone: 0 pages reserved
[    0.000000]   Normal zone: 65536 pages, LIFO batch:15
[    0.000000] CPU: All CPU(s) started in SVC mode.
[    0.000000] pcpu-alloc: s0 r0 d32768 u32768 alloc=1*32768
[    0.000000] pcpu-alloc: [0] 0 
[    0.000000] Built 1 zonelists in Zone order, mobility grouping on.  Total pages: 65024
[    0.000000] Kernel command line: console=ttymxc0,115200 mtdparts=mxc_nand:640M@8M(my-rootfs),128M@648M(my-datafs)
[    0.000000] PID hash table entries: 1024 (order: 0, 4096 bytes)
[    0.000000] Dentry cache hash table entries: 32768 (order: 5, 131072 bytes)
[    0.000000] Inode-cache hash table entries: 16384 (order: 4, 65536 bytes)
[    0.000000] Memory: 256MB = 256MB total
[    0.000000] Memory: 253472k/253472k available, 8672k reserved, 0K highmem
[    0.000000] Virtual kernel memory layout:
[    0.000000]     vector  : 0xffff0000 - 0xffff1000   (   4 kB)
[    0.000000]     fixmap  : 0xfff00000 - 0xfffe0000   ( 896 kB)
[    0.000000]     vmalloc : 0xd0800000 - 0xff000000   ( 744 MB)
[    0.000000]     lowmem  : 0xc0000000 - 0xd0000000   ( 256 MB)
[    0.000000]       .text : 0xc0008000 - 0xc03ff65c   (4062 kB)
[    0.000000]       .init : 0xc0400000 - 0xc043d004   ( 245 kB)
[    0.000000]       .data : 0xc043e000 - 0xc0478f50   ( 236 kB)
[    0.000000]        .bss : 0xc0478f50 - 0xc04c8a84   ( 319 kB)
[    0.000000] SLUB: HWalign=64, Order=0-3, MinObjects=0, CPUs=1, Nodes=1
[    0.000000] Preemptible hierarchical RCU implementation.
[    0.000000] NR_IRQS:16 nr_irqs:16 16
[    0.000000] TrustZone Interrupt Controller (TZIC) initialized
[    0.000000] sched_clock: 32 bits at 24MHz, resolution 41ns, wraps every 178956ms
[    0.000000] CPU identified as i.MX51, silicon rev 3.0
[    0.000000] Console: colour dummy device 80x30
[    0.000299] Calibrating delay loop... 531.66 BogoMIPS (lpj=2658304)
[    0.060212] pid_max: default: 32768 minimum: 301
[    0.060446] Mount-cache hash table entries: 512
[    0.061378] CPU: Testing write buffer coherency: ok
[    0.061486] ftrace: allocating 11366 entries in 34 pages
[    0.087301] Setting up static identity map for 0xc0304970 - 0xc03049c8
[    0.102408] devtmpfs: initialized
[    0.111487] pinctrl core: initialized pinctrl subsystem
[    0.111871] NET: Registered protocol family 16
[    0.112861] DMA: preallocated 256 KiB pool for atomic coherent allocations
[    0.271499] bio: create slab <bio-0> at 0
[    0.272807] usbcore: registered new interface driver usbfs
[    0.272905] usbcore: registered new interface driver hub
[    0.273191] usbcore: registered new device driver usb
[    0.273459] pps_core: LinuxPPS API ver. 1 registered
[    0.273477] pps_core: Software ver. 5.3.6 - Copyright 2005-2007 Rodolfo Giometti <giometti@linux.it>
[    0.273529] PTP clock support registered
[    0.274357] Switching to clocksource mxc_timer1
[    0.335481] NET: Registered protocol family 2
[    0.336526] TCP established hash table entries: 2048 (order: 2, 16384 bytes)
[    0.336594] TCP bind hash table entries: 2048 (order: 1, 8192 bytes)
[    0.336630] TCP: Hash tables configured (established 2048 bind 2048)
[    0.336770] TCP: reno registered
[    0.336798] UDP hash table entries: 256 (order: 0, 4096 bytes)
[    0.336825] UDP-Lite hash table entries: 256 (order: 0, 4096 bytes)
[    0.337210] NET: Registered protocol family 1
[    0.337699] Trying to unpack rootfs image as initramfs...
[    0.355904] Freeing initrd memory: 1472K (c3180000 - c32f0000)
[    0.355977] NetWinder Floating Point Emulator V0.97 (extended precision)
[    0.366366] jffs2: version 2.2. (NAND) (SUMMARY)     2001-2006 Red Hat, Inc.
[    0.367678] Block layer SCSI generic (bsg) driver version 0.4 loaded (major 250)
[    0.367707] io scheduler noop registered
[    0.367720] io scheduler deadline registered
[    0.367769] io scheduler cfq registered (default)
[    0.487430] Serial: IMX driver
[    0.487693] imx21-uart.0: ttymxc0 at MMIO 0x73fbc000 (irq = 47) is a IMX
[    0.866231] console [ttymxc0] enabled
[    0.870484] imx21-uart.1: ttymxc1 at MMIO 0x73fc0000 (irq = 48) is a IMX
[    0.877829] imx21-uart.2: ttymxc2 at MMIO 0x7000c000 (irq = 49) is a IMX
[    0.895318] brd: module loaded
[    0.903987] loop: module loaded
[    0.908431] NAND device: Manufacturer ID: 0xec, Chip ID: 0xd3 (Samsung NAND 1GiB 3,3V 8-bit), 1024MiB, page size: 2048, OOB size: 64
[    0.920881] Bad block table found at page 524224, version 0x01
[    0.927340] Bad block table found at page 524160, version 0x01
[    0.933715] 2 cmdlinepart partitions found on MTD device mxc_nand
[    0.939890] Creating 2 MTD partitions on "mxc_nand":
[    0.944912] 0x000000800000-0x000028800000 : "my-rootfs"
[    0.953626] ftl_cs: FTL header not found.
[    0.958712] 0x000028800000-0x000030800000 : "my-datafs"
[    0.966990] ftl_cs: FTL header not found.
[    0.972640] spi_imx imx51-ecspi.0: master is unqueued, this is deprecated
[    0.979747] spi_imx imx51-ecspi.0: probed
[    0.984225] FEC resource: start=0x83fec000, end=0x83fecfff, name=imx27-fec.0, flags=0x00000200
[    0.996572] libphy: fec_enet_mii_bus: probed
[    1.002290] imx2-wdt imx2-wdt.0: IMX2+ Watchdog Timer enabled. timeout=60s (nowayout=0)
[    1.010754] usbcore: registered new interface driver usbhid
[    1.016412] usbhid: USB HID core driver
[    1.020501] TCP: cubic registered
[    1.023869] VFP support v0.3: implementor 41 architecture 3 part 30 variant c rev 2
[    1.033190] /home/brock_zheng/working/learning/ARM-i.MX515-Linux/softwares/linux-kernel/linux-kernel-v3.10.2/drivers/rtc/hctosys.c: unable to open rtc device (rtc0)
[    1.049655] Freeing unused kernel memory: 244K (c0400000 - c043d000)
[    1.126705] imx2-wdt imx2-wdt.0: set timeout = 4
[    1.219123] EXT4-fs (mtdblock0): couldn't mount as ext3 due to feature incompatibilities
[    1.228923] EXT4-fs (mtdblock0): mounting ext2 file system using the ext4 subsystem
[    1.240834] EXT4-fs (mtdblock0): warning: mounting unchecked fs, running e2fsck is recommended
[    1.269099] EXT4-fs (mtdblock0): mounted filesystem without journal. Opts: (null)
[    1.298595] fec imx27-fec.0 eth0: Freescale FEC PHY driver [SMSC LAN8710/LAN8720] (mii_bus:phy_addr=imx27-fec-1:00, irq=-1)
~ # dme~ # dmesg [J| grep mtd
[    0.000000] Kernel command line: console=ttymxc0,115200 mtdparts=mxc_nand:640M@8M(my-rootfs),128M@648M(my-datafs)
[    1.219123] EXT4-fs (mtdblock0): couldn't mount as ext3 due to feature incompatibilities
[    1.228923] EXT4-fs (mtdblock0): mounting ext2 file system using the ext4 subsystem
[    1.240834] EXT4-fs (mtdblock0): warning: mounting unchecked fs, running e2fsck is recommended
[    1.269099] EXT4-fs (mtdblock0): mounted filesystem without journal. Opts: (null)
~ # 
~ # 
~ # 
~ # cat /pro~ # cat /proc/[Jme~ # cat /proc/meminfo [J[J[J[J[J[J[J[J[Jmt~ # cat /proc/mtd [J
dev:    size   erasesize  name
mtd0: 28000000 00020000 "my-rootfs"
mtd1: 08000000 00020000 "my-datafs"
~ # mount
rootfs on / type rootfs (rw)
proc on /proc type proc (rw,nosuid,nodev,noexec,relatime)
sys on /sys type sysfs (rw,nosuid,nodev,noexec,relatime)
udev on /dev type devtmpfs (rw,nosuid,relatime,size=10240k,nr_inodes=31684,mode=755)
devpts on /dev/pts type devpts (rw,relatime,mode=600,ptmxmode=000)
/dev/mtdblock0 on /mnt type ext2 (rw,relatime)
~ # cd /mnt
/mnt # ls
[1;34mScoutDev[0m    [0;0mboard.conf[0m  [1;34mlost+found[0m
/mnt # cd 
~ # ls
[1;32mblink-led7.sh[0m   [1;32mprepare-app.sh[0m
~ # mkdir mtd1
~ # mount /dev/mtdblock1 m~ # mount /dev/mtdblock1 mtd1/[J
mount: mounting /dev/mtdblock1 on mtd1/ failed: Invalid argument
~ # ls
[1;32mblink-led7.sh[0m   [1;34mmtd1[0m            [1;32mprepare-app.sh[0m
~ # cd /
/ # mount
rootfs on / type rootfs (rw)
proc on /proc type proc (rw,nosuid,nodev,noexec,relatime)
sys on /sys type sysfs (rw,nosuid,nodev,noexec,relatime)
udev on /dev type devtmpfs (rw,nosuid,relatime,size=10240k,nr_inodes=31684,mode=755)
devpts on /dev/pts type devpts (rw,relatime,mode=600,ptmxmode=000)
/dev/mtdblock0 on /mnt type ext2 (rw,relatime)
/ # umount /mnt
/ # ls
[1;34mbin[0m      [1;34metc[0m      [1;36minit[0m     [1;34mlib[0m      [1;34mmnt[0m      [1;34mroot[0m     [1;34msys[0m      [1;34musb[0m      [1;34mvar[0m
[1;34mdev[0m      [1;34mhome[0m     [1;32minit_[0m    [1;36mlinuxrc[0m  [1;34mproc[0m     [1;34msbin[0m     [1;34mtmp[0m      [1;34musr[0m
/ # mount
rootfs on / type rootfs (rw)
proc on /proc type proc (rw,nosuid,nodev,noexec,relatime)
sys on /sys type sysfs (rw,nosuid,nodev,noexec,relatime)
udev on /dev type devtmpfs (rw,nosuid,relatime,size=10240k,nr_inodes=31684,mode=755)
devpts on /dev/pts type devpts (rw,relatime,mode=600,ptmxmode=000)
/ # cd
~ # ls
[1;32mblink-led7.sh[0m   [1;34mmtd1[0m            [1;32mprepare-app.sh[0m
~ # mount /dev/mtdblock0 m~ # mount /dev/mtdblock0 mtd1/[J
[  239.212134] EXT4-fs (mtdblock0): couldn't mount as ext3 due to feature incompatibilities
[  239.221883] EXT4-fs (mtdblock0): mounting ext2 file system using the ext4 subsystem
[  239.233413] EXT4-fs (mtdblock0): warning: mounting unchecked fs, running e2fsck is recommended
[  239.261497] EXT4-fs (mtdblock0): mounted filesystem without journal. Opts: (null)
~ # ls mt~ # ls mtd1/[J
[1;34mScoutDev[0m    [0;0mboard.conf[0m  [1;34mlost+found[0m
~ # mount
rootfs on / type rootfs (rw)
proc on /proc type proc (rw,nosuid,nodev,noexec,relatime)
sys on /sys type sysfs (rw,nosuid,nodev,noexec,relatime)
udev on /dev type devtmpfs (rw,nosuid,relatime,size=10240k,nr_inodes=31684,mode=755)
devpts on /dev/pts type devpts (rw,relatime,mode=600,ptmxmode=000)
/dev/mtdblock0 on /root/mtd1 type ext2 (rw,relatime)
~ # umount m~ # umount mtd1/[J
~ # ~ # umount mtd1/[J~ # mount[J~ # ls mtd1/[J~ # mount /dev/mtdblock0 mtd1/[J mtd1/[J[6D1 mtd1/[6D mtd1/
mount: mounting /dev/mtdblock1 on mtd1/ failed: Invalid argument
~ # ~ # mount /dev/mtdblock1 mtd1/[J-/dev/mtdblock1 mtd1/[20Dt/dev/mtdblock1 mtd1/[20D /dev/mtdblock1 mtd1/[20Dj/dev/mtdblock1 mtd1/[20Df/dev/mtdblock1 mtd1/[20Df/dev/mtdblock1 mtd1/[20Ds/dev/mtdblock1 mtd1/[20D2/dev/mtdblock1 mtd1/[20D /dev/mtdblock1 mtd1/[20D/dev/mtdblock1 mtd1/
[  275.369779] jffs2: notice: (80) jffs2_build_xattr_subsystem: complete building xattr subsystem, 0 of xdatum (0 unchecked, 0 orphan) and 0 of xref (0 dead, 0 orphan) found.
~ # mount
rootfs on / type rootfs (rw)
proc on /proc type proc (rw,nosuid,nodev,noexec,relatime)
sys on /sys type sysfs (rw,nosuid,nodev,noexec,relatime)
udev on /dev type devtmpfs (rw,nosuid,relatime,size=10240k,nr_inodes=31684,mode=755)
devpts on /dev/pts type devpts (rw,relatime,mode=600,ptmxmode=000)
/dev/mtdblock1 on /root/mtd1 type jffs2 (rw,relatime)
~ # ls
[1;32mblink-led7.sh[0m   [1;34mmtd1[0m            [1;32mprepare-app.sh[0m
~ # cat m~ # cat mtd1/[J
cat: read error: Is a directory
~ # dai[J[J[Jls mt~ # ls mtd1/[J
~ # cd mt~ # cd mtd1/[J
~/mtd1 # ls
~/mtd1 # echo a > a
~/mtd1 # ls
[0;0ma[0m
~/mtd1 # cat a
a
~/mtd1 # cd ..
~ # umount m~ # umount mtd1/[J
[  320.295639] UnCorrectable RS-ECC Error
[  320.299422] UnCorrectable RS-ECC Error
[  320.303176] UnCorrectable RS-ECC Error
[  320.306983] UnCorrectable RS-ECC Error
[  320.310783] jffs2: Write verify error (ECC correction failed) at 07fc0000. Wrote:
[  320.318411] 00000000: 85 19 02 e0 44 00 00 00 1d fb f7 98 02 00 00 00
[  320.325178] 00000010: 01 00 00 00 a4 81 00 00 00 00 00 00 00 00 00 00
[  320.331631] 00000020: 34 01 00 00 34 01 00 00 34 01 00 00 00 00 00 00
[  320.338424] 00000030: 00 00 00 00 00 00 00 00 00 00 00 00 00 00 00 00
[  320.345153] 00000040: b2 28 82 24 85 19 01 e0 29 00 00 00 6d a6 2f d7
[  320.351634] 00000050: 01 00 00 00 01 00 00 00 02 00 00 00 34 01 00 00
[  320.358415] 00000060: 01 08 00 00 a6 54 6b 36 ce 51 b5 3a 61 ff ff ff
[  320.365137] 00000070: 85 19 02 e0 46 00 00 00 96 33 fe 32 02 00 00 00
[  320.371614] 00000080: 02 00 00 00 a4 81 00 00 00 00 00 00 02 00 00 00
[  320.378364] 00000090: 34 01 00 00 34 01 00 00 34 01 00 00 00 00 00 00
[  320.385100] 000000a0: 02 00 00 00 02 00 00 00 00 00 00 00 f8 b3 33 9c
[  320.391576] 000000b0: e3 f4 21 cc 61 0a ff ff 85 19 04 20 48 07 00 00
[  320.398350] 000000c0: e6 59 22 e8 00 00 00 00 00 00 00 00 00 00 00 00
[  320.405072] 000000d0: 00 00 00 00 00 00 00 00 00 00 00 00 00 00 00 00
[  320.411547] 000000e0: 00 00 00 00 00 00 00 00 00 00 00 00 00 00 00 00
[  320.418315] 000000f0: 00 00 00 00 00 00 00 00 00 00 00 00 00 00 00 00
[  320.425037] 00000100: 00 00 00 00 00 00 00 00 00 00 00 00 00 00 00 00
[  320.431516] 00000110: 00 00 00 00 00 00 00 00 00 00 00 00 00 00 00 00
[  320.438262] 00000120: 00 00 00 00 00 00 00 00 00 00 00 00 00 00 00 00
[  320.444994] 00000130: 00 00 00 00 00 00 00 00 00 00 00 00 00 00 00 00
[  320.451476] 00000140: 00 00 00 00 00 00 00 00 00 00 00 00 00 00 00 00
[  320.458219] 00000150: 00 00 00 00 00 00 00 00 00 00 00 00 00 00 00 00
[  320.464956] 00000160: 00 00 00 00 00 00 00 00 00 00 00 00 00 00 00 00
[  320.471431] 00000170: 00 00 00 00 00 00 00 00 00 00 00 00 00 00 00 00
[  320.478179] 00000180: 00 00 00 00 00 00 00 00 00 00 00 00 00 00 00 00
[  320.484923] 00000190: 00 00 00 00 00 00 00 00 00 00 00 00 00 00 00 00
[  320.491399] 000001a0: 00 00 00 00 00 00 00 00 00 00 00 00 00 00 00 00
[  320.498145] 000001b0: 00 00 00 00 00 00 00 00 00 00 00 00 00 00 00 00
[  320.504889] 000001c0: 00 00 00 00 00 00 00 00 00 00 00 00 00 00 00 00
[  320.511367] 000001d0: 00 00 00 00 00 00 00 00 00 00 00 00 00 00 00 00
[  320.518120] 000001e0: 00 00 00 00 00 00 00 00 00 00 00 00 00 00 00 00
[  320.524859] 000001f0: 00 00 00 00 00 00 00 00 00 00 00 00 00 00 00 00
[  320.531338] 00000200: 00 00 00 00 00 00 00 00 00 00 00 00 00 00 00 00
[  320.538098] 00000210: 00 00 00 00 00 00 00 00 00 00 00 00 00 00 00 00
[  320.544842] 00000220: 00 00 00 00 00 00 00 00 00 00 00 00 00 00 00 00
[  320.551319] 00000230: 00 00 00 00 00 00 00 00 00 00 00 00 00 00 00 00
[  320.558095] 00000240: 00 00 00 00 00 00 00 00 00 00 00 00 00 00 00 00
[  320.564814] 00000250: 00 00 00 00 00 00 00 00 00 00 00 00 00 00 00 00
[  320.571289] 00000260: 00 00 00 00 00 00 00 00 00 00 00 00 00 00 00 00
[  320.578049] 00000270: 00 00 00 00 00 00 00 00 00 00 00 00 00 00 00 00
[  320.584795] 00000280: 00 00 00 00 00 00 00 00 00 00 00 00 00 00 00 00
[  320.591272] 00000290: 00 00 00 00 00 00 00 00 00 00 00 00 00 00 00 00
[  320.598040] 000002a0: 00 00 00 00 00 00 00 00 00 00 00 00 00 00 00 00
[  320.604761] 000002b0: 00 00 00 00 00 00 00 00 00 00 00 00 00 00 00 00
[  320.611239] 000002c0: 00 00 00 00 00 00 00 00 00 00 00 00 00 00 00 00
[  320.617983] 000002d0: 00 00 00 00 00 00 00 00 00 00 00 00 00 00 00 00
[  320.624722] 000002e0: 00 00 00 00 00 00 00 00 00 00 00 00 00 00 00 00
[  320.631200] 000002f0: 00 00 00 00 00 00 00 00 00 00 00 00 00 00 00 00
[  320.637945] 00000300: 00 00 00 00 00 00 00 00 00 00 00 00 00 00 00 00
[  320.644685] 00000310: 00 00 00 00 00 00 00 00 00 00 00 00 00 00 00 00
[  320.651159] 00000320: 00 00 00 00 00 00 00 00 00 00 00 00 00 00 00 00
[  320.657933] 00000330: 00 00 00 00 00 00 00 00 00 00 00 00 00 00 00 00
[  320.664387] 00000340: 00 00 00 00 00 00 00 00 00 00 00 00 00 00 00 00
[  320.671101] 00000350: 00 00 00 00 00 00 00 00 00 00 00 00 00 00 00 00
[  320.677868] 00000360: 00 00 00 00 00 00 00 00 00 00 00 00 00 00 00 00
[  320.684354] 00000370: 00 00 00 00 00 00 00 00 00 00 00 00 00 00 00 00
[  320.691068] 00000380: 00 00 00 00 00 00 00 00 00 00 00 00 00 00 00 00
[  320.697829] 00000390: 00 00 00 00 00 00 00 00 00 00 00 00 00 00 00 00
[  320.704312] 000003a0: 00 00 00 00 00 00 00 00 00 00 00 00 00 00 00 00
[  320.711024] 000003b0: 00 00 00 00 00 00 00 00 00 00 00 00 00 00 00 00
[  320.717881] 000003c0: 00 00 00 00 00 00 00 00 00 00 00 00 00 00 00 00
[  320.724341] 000003d0: 00 00 00 00 00 00 00 00 00 00 00 00 00 00 00 00
[  320.731062] 000003e0: 00 00 00 00 00 00 00 00 00 00 00 00 00 00 00 00
[  320.737834] 000003f0: 00 00 00 00 00 00 00 00 00 00 00 00 00 00 00 00
[  320.744317] 00000400: 00 00 00 00 00 00 00 00 00 00 00 00 00 00 00 00
[  320.751041] 00000410: 00 00 00 00 00 00 00 00 00 00 00 00 00 00 00 00
[  320.757837] 00000420: 00 00 00 00 00 00 00 00 00 00 00 00 00 00 00 00
[  320.764289] 00000430: 00 00 00 00 00 00 00 00 00 00 00 00 00 00 00 00
[  320.771003] 00000440: 00 00 00 00 00 00 00 00 00 00 00 00 00 00 00 00
[  320.777793] 00000450: 00 00 00 00 00 00 00 00 00 00 00 00 00 00 00 00
[  320.784248] 00000460: 00 00 00 00 00 00 00 00 00 00 00 00 00 00 00 00
[  320.790959] 00000470: 00 00 00 00 00 00 00 00 00 00 00 00 00 00 00 00
[  320.797748] 00000480: 00 00 00 00 00 00 00 00 00 00 00 00 00 00 00 00
[  320.804201] 00000490: 00 00 00 00 00 00 00 00 00 00 00 00 00 00 00 00
[  320.810915] 000004a0: 00 00 00 00 00 00 00 00 00 00 00 00 00 00 00 00
[  320.817716] 000004b0: 00 00 00 00 00 00 00 00 00 00 00 00 00 00 00 00
[  320.824171] 000004c0: 00 00 00 00 00 00 00 00 00 00 00 00 00 00 00 00
[  320.830898] 000004d0: 00 00 00 00 00 00 00 00 00 00 00 00 00 00 00 00
[  320.837694] 000004e0: 00 00 00 00 00 00 00 00 00 00 00 00 00 00 00 00
[  320.844148] 000004f0: 00 00 00 00 00 00 00 00 00 00 00 00 00 00 00 00
[  320.850865] 00000500: 00 00 00 00 00 00 00 00 00 00 00 00 00 00 00 00
[  320.857661] 00000510: 00 00 00 00 00 00 00 00 00 00 00 00 00 00 00 00
[  320.864116] 00000520: 00 00 00 00 00 00 00 00 00 00 00 00 00 00 00 00
[  320.870833] 00000530: 00 00 00 00 00 00 00 00 00 00 00 00 00 00 00 00
[  320.877599] 00000540: 00 00 00 00 00 00 00 00 00 00 00 00 00 00 00 00
[  320.884082] 00000550: 00 00 00 00 00 00 00 00 00 00 00 00 00 00 00 00
[  320.890803] 00000560: 00 00 00 00 00 00 00 00 00 00 00 00 00 00 00 00
[  320.897593] 00000570: 00 00 00 00 00 00 00 00 00 00 00 00 00 00 00 00
[  320.904046] 00000580: 00 00 00 00 00 00 00 00 00 00 00 00 00 00 00 00
[  320.910758] 00000590: 00 00 00 00 00 00 00 00 00 00 00 00 00 00 00 00
[  320.917525] 000005a0: 00 00 00 00 00 00 00 00 00 00 00 00 00 00 00 00
[  320.924010] 000005b0: 00 00 00 00 00 00 00 00 00 00 00 00 00 00 00 00
[  320.930732] 000005c0: 00 00 00 00 00 00 00 00 00 00 00 00 00 00 00 00
[  320.937550] 000005d0: 00 00 00 00 00 00 00 00 00 00 00 00 00 00 00 00
[  320.944031] 000005e0: 00 00 00 00 00 00 00 00 00 00 00 00 00 00 00 00
[  320.950855] 000005f0: 00 00 00 00 00 00 00 00 00 00 00 00 00 00 00 00
[  320.957710] 00000600: 00 00 00 00 00 00 00 00 00 00 00 00 00 00 00 00
[  320.964173] 00000610: 00 00 00 00 00 00 00 00 00 00 00 00 00 00 00 00
[  320.970704] 00000620: 00 00 00 00 00 00 00 00 00 00 00 00 00 00 00 00
[  320.977265] 00000630: 00 00 00 00 00 00 00 00 00 00 00 00 00 00 00 00
[  320.983720] 00000640: 00 00 00 00 00 00 00 00 00 00 00 00 00 00 00 00
[  320.990262] 00000650: 00 00 00 00 00 00 00 00 00 00 00 00 00 00 00 00
[  320.996795] 00000660: 00 00 00 00 00 00 00 00 00 00 00 00 00 00 00 00
[  321.003245] 00000670: 00 00 00 00 00 00 00 00 00 00 00 00 00 00 00 00
[  321.009746] 00000680: 00 00 00 00 00 00 00 00 00 00 00 00 00 00 00 00
[  321.016297] 00000690: 00 00 00 00 00 00 00 00 00 00 00 00 00 00 00 00
[  321.022750] 000006a0: 00 00 00 00 00 00 00 00 00 00 00 00 00 00 00 00
[  321.029288] 000006b0: 00 00 00 00 00 00 00 00 00 00 00 00 00 00 00 00
[  321.035793] 000006c0: 00 00 00 00 00 00 00 00 00 00 00 00 00 00 00 00
[  321.042242] 000006d0: 00 00 00 00 00 00 00 00 00 00 00 00 00 00 00 00
[  321.048723] 000006e0: 00 00 00 00 00 00 00 00 00 00 00 00 00 00 00 00
[  321.055201] 000006f0: 00 00 00 00 00 00 00 00 00 00 00 00 00 00 00 00
[  321.061646] 00000700: 00 00 00 00 00 00 00 00 00 00 00 00 00 00 00 00
[  321.068119] 00000710: 00 00 00 00 00 00 00 00 00 00 00 00 00 00 00 00
[  321.074603] 00000720: 00 00 00 00 00 00 00 00 00 00 00 00 00 00 00 00
[  321.081049] 00000730: 00 00 00 00 00 00 00 00 00 00 00 00 00 00 00 00
[  321.087524] 00000740: 00 00 00 00 00 00 00 00 00 00 00 00 00 00 00 00
[  321.093969] 00000750: 00 00 00 00 00 00 00 00 00 00 00 00 00 00 00 00
[  321.100445] 00000760: 00 00 00 00 00 00 00 00 00 00 00 00 00 00 00 00
[  321.106917] 00000770: 00 00 00 00 00 00 00 00 00 00 00 00 00 00 00 00
[  321.113362] 00000780: 00 00 00 00 00 00 00 00 00 00 00 00 00 00 00 00
[  321.119834] 00000790: 00 00 00 00 00 00 00 00 00 00 00 00 00 00 00 00
[  321.126305] 000007a0: 00 00 00 00 00 00 00 00 00 00 00 00 00 00 00 00
[  321.132749] 000007b0: 00 00 00 00 00 00 00 00 00 00 00 00 00 00 00 00
[  321.139226] 000007c0: 00 00 00 00 00 00 00 00 00 00 00 00 00 00 00 00
[  321.145696] 000007d0: 00 00 00 00 00 00 00 00 00 00 00 00 00 00 00 00
[  321.152141] 000007e0: 00 00 00 00 00 00 00 00 00 00 00 00 00 00 00 00
[  321.158613] 000007f0: 00 00 00 00 00 00 00 00 00 00 00 00 00 00 00 00
[  321.165078] jffs2: Read back:
[  321.168054] 00000000: 85 19 02 e0 44 00 00 00 1d fb f7 98 02 00 00 00
[  321.174527] 00000010: 01 00 00 00 a4 81 00 00 00 00 00 00 00 00 00 00
[  321.180972] 00000020: 34 01 00 00 34 01 00 00 34 01 00 00 00 00 00 00
[  321.187444] 00000030: 00 00 00 00 00 00 00 00 00 00 00 00 00 00 00 00
[  321.193889] 00000040: b2 28 82 24 85 19 01 e0 29 00 00 00 6d a6 2f d7
[  321.200359] 00000050: 01 00 00 00 01 00 00 00 02 00 00 00 34 01 00 00
[  321.206830] 00000060: 01 08 00 00 a6 54 6b 36 ce 51 b5 3a 61 ff ff ff
[  321.213275] 00000070: 85 19 02 e0 46 00 00 00 96 33 fe 32 02 00 00 00
[  321.219747] 00000080: 02 00 00 00 a4 81 00 00 00 00 00 00 02 00 00 00
[  321.226221] 00000090: 34 01 00 00 34 01 00 00 34 01 00 00 00 00 00 00
[  321.232666] 000000a0: 02 00 00 00 02 00 00 00 00 00 00 00 f8 b3 33 9c
[  321.239137] 000000b0: e3 f4 21 cc 61 0a ff ff 85 19 04 20 48 07 00 00
[  321.245609] 000000c0: e6 59 22 e8 00 00 00 00 00 00 00 00 00 00 00 00
[  321.252052] 000000d0: 00 00 00 00 00 00 00 00 00 00 00 00 00 00 00 00
[  321.258524] 000000e0: 00 00 00 00 00 00 00 00 00 00 00 00 00 00 00 00
[  321.264994] 000000f0: 00 00 00 00 00 00 00 00 00 00 00 00 00 00 00 00
[  321.271442] 00000100: 00 00 00 00 00 00 00 00 00 00 00 00 00 00 00 00
[  321.277912] 00000110: 00 00 00 00 00 00 00 00 00 00 00 00 00 00 00 00
[  321.284356] 00000120: 00 00 00 00 00 00 00 00 00 00 00 00 00 00 00 00
[  321.290825] 00000130: 00 00 00 00 00 00 00 00 00 00 00 00 00 00 00 00
[  321.297295] 00000140: 00 00 00 00 00 00 00 00 00 00 00 00 00 00 00 00
[  321.303738] 00000150: 00 00 00 00 00 00 00 00 00 00 00 00 00 00 00 00
[  321.310209] 00000160: 00 00 00 00 00 00 00 00 00 00 00 00 00 00 00 00
[  321.316679] 00000170: 00 00 00 00 00 00 00 00 00 00 00 00 00 00 00 00
[  321.323124] 00000180: 00 00 00 00 00 00 00 00 00 00 00 00 00 00 00 00
[  321.329599] 00000190: 00 00 00 00 00 00 00 00 00 00 00 00 00 00 00 00
[  321.336076] 000001a0: 00 00 00 00 00 00 00 00 00 00 00 00 00 00 00 00
[  321.342521] 000001b0: 00 00 00 00 00 00 00 00 00 00 00 00 00 00 00 00
[  321.348995] 000001c0: 00 00 00 00 00 00 00 00 00 00 00 00 00 00 00 00
[  321.355466] 000001d0: 00 00 00 00 00 00 00 00 00 00 00 00 00 00 00 00
[  321.361910] 000001e0: 00 00 00 00 00 00 00 00 00 00 00 00 00 00 00 00
[  321.368379] 000001f0: 00 00 00 00 00 00 00 00 00 00 00 00 00 00 00 00
[  321.374859] 00000200: 00 00 00 00 00 00 00 00 00 00 00 00 00 00 00 00
[  321.381303] 00000210: 00 00 00 00 00 00 00 00 00 00 00 00 00 00 00 00
[  321.387775] 00000220: 00 00 00 00 00 00 00 00 00 00 00 00 00 00 00 00
[  321.394220] 00000230: 00 00 00 00 00 00 00 00 00 00 00 00 00 00 00 00
[  321.400691] 00000240: 00 00 00 00 00 00 00 00 00 00 00 00 00 00 00 00
[  321.407163] 00000250: 00 00 00 00 00 00 00 00 00 00 00 00 00 00 00 00
[  321.413611] 00000260: 00 00 00 00 00 00 00 00 00 00 00 00 00 00 00 00
[  321.420080] 00000270: 00 00 00 00 00 00 00 00 00 00 00 00 00 00 00 00
[  321.426552] 00000280: 00 00 00 00 00 00 00 00 00 00 00 00 00 00 00 00
[  321.432997] 00000290: 00 00 00 00 00 00 00 00 00 00 00 00 00 00 00 00
[  321.439468] 000002a0: 00 00 00 00 00 00 00 00 00 00 00 00 00 00 00 00
[  321.445939] 000002b0: 00 00 00 00 00 00 00 00 00 00 00 00 00 00 00 00
[  321.452385] 000002c0: 00 00 00 00 00 00 00 00 00 00 00 00 00 00 00 00
[  321.458860] 000002d0: 00 00 00 00 00 00 00 00 00 00 00 00 00 00 00 00
[  321.465330] 000002e0: 00 00 00 00 00 00 00 00 00 00 00 00 00 00 00 00
[  321.471774] 000002f0: 00 00 00 00 00 00 00 00 00 00 00 00 00 00 00 00
[  321.478244] 00000300: 00 00 00 00 00 00 00 00 00 00 00 00 00 00 00 00
[  321.484715] 00000310: 00 00 00 00 00 00 00 00 00 00 04 00 00 00 00 00
[  321.491160] 00000320: 00 00 00 00 00 00 00 00 00 00 00 00 00 00 00 00
[  321.497629] 00000330: 00 00 00 00 00 00 00 00 00 00 00 00 00 00 00 00
[  321.504074] 00000340: 00 00 00 00 00 00 00 00 00 00 00 00 00 00 00 00
[  321.510545] 00000350: 00 00 00 00 00 00 00 00 00 00 00 00 00 00 00 00
[  321.517019] 00000360: 00 00 00 00 00 00 00 00 00 00 00 00 00 00 00 00
[  321.523465] 00000370: 00 00 00 00 00 00 00 00 00 00 00 00 00 00 00 00
[  321.529935] 00000380: 00 00 00 00 00 00 00 00 00 00 00 00 00 00 00 00
[  321.536406] 00000390: 00 00 00 00 00 00 00 00 00 00 00 00 00 00 00 00
[  321.542851] 000003a0: 00 00 00 00 00 00 00 00 20 00 00 00 00 00 00 00
[  321.549321] 000003b0: 00 00 00 00 00 00 00 00 00 00 00 00 00 00 00 00
[  321.555794] 000003c0: 40 00 00 00 00 00 00 00 00 00 00 00 00 00 00 00
[  321.562238] 000003d0: 00 00 00 00 00 00 00 00 00 00 00 00 00 00 00 00
[  321.568711] 000003e0: 00 00 00 00 00 00 00 00 00 00 00 00 00 00 00 00
[  321.575188] 000003f0: 00 00 00 00 00 00 00 00 00 00 00 00 00 00 00 00
[  321.581635] 00000400: 00 00 00 00 00 00 00 00 00 00 00 00 00 00 00 00
[  321.588108] 00000410: 00 00 00 00 00 00 00 00 00 00 00 00 00 00 00 00
[  321.594581] 00000420: 00 00 00 00 00 00 00 00 00 00 00 00 00 00 00 00
[  321.601028] 00000430: 00 00 00 00 00 00 00 00 00 00 00 00 00 00 00 00
[  321.607502] 00000440: 00 00 00 00 00 00 00 00 00 00 00 00 00 00 00 00
[  321.613946] 00000450: 00 00 00 00 00 00 00 00 00 00 00 00 00 00 00 00
[  321.620420] 00000460: 00 00 00 00 00 00 00 00 00 00 00 00 00 00 00 00
[  321.626891] 00000470: 00 00 00 00 00 00 00 00 00 00 00 00 00 00 00 00
[  321.633336] 00000480: 00 00 00 00 00 00 00 00 00 00 00 00 00 00 00 00
[  321.639809] 00000490: 00 00 00 00 00 00 00 00 00 00 00 00 00 00 00 00
[  321.646279] 000004a0: 00 00 00 00 00 00 00 00 00 00 00 00 00 00 00 00
[  321.652725] 000004b0: 00 00 00 00 00 00 00 00 00 00 00 00 00 00 00 00
[  321.659195] 000004c0: 00 00 00 00 00 00 00 00 00 00 00 00 00 00 00 00
[  321.665669] 000004d0: 00 00 00 00 00 00 00 00 00 00 00 00 00 00 00 00
[  321.672115] 000004e0: 00 00 00 00 00 00 00 00 00 00 00 00 00 00 00 00
[  321.678585] 000004f0: 00 00 00 00 00 00 00 00 00 00 00 00 00 00 00 00
[  321.685058] 00000500: 00 00 00 00 00 00 00 00 00 00 00 00 00 00 00 00
[  321.691505] 00000510: 00 00 00 00 00 00 00 00 00 00 00 00 00 00 00 00
[  321.697976] 00000520: 00 00 00 00 00 00 00 00 00 00 00 00 00 00 00 00
[  321.704445] 00000530: 00 00 00 00 00 00 00 00 00 00 00 00 00 00 00 00
[  321.710891] 00000540: 00 00 00 00 00 00 00 00 00 00 00 00 00 00 00 00
[  321.717363] 00000550: 00 00 00 00 00 00 00 00 00 00 00 00 00 00 00 00
[  321.723809] 00000560: 00 00 00 00 00 00 00 00 00 00 00 00 00 00 00 00
[  321.730283] 00000570: 00 00 00 00 00 00 00 00 00 00 00 00 00 00 00 00
[  321.736755] 00000580: 00 00 00 00 00 00 00 00 00 00 00 00 00 00 00 00
[  321.743199] 00000590: 00 00 00 00 00 00 00 00 00 00 00 00 00 00 00 00
[  321.749671] 000005a0: 00 00 00 00 00 00 00 00 00 00 00 00 00 00 00 00
[  321.756142] 000005b0: 00 00 00 00 00 00 00 00 00 00 00 00 00 00 00 00
[  321.762588] 000005c0: 00 00 00 00 00 00 00 00 00 00 00 00 00 00 00 00
[  321.769059] 000005d0: 00 00 00 00 00 00 00 00 00 00 00 00 00 00 00 00
[  321.775531] 000005e0: 00 00 00 00 00 00 00 00 00 00 00 00 00 00 00 00
[  321.781978] 000005f0: 00 00 00 00 00 00 00 00 00 00 00 00 00 00 00 00
[  321.788447] 00000600: 00 00 00 00 00 00 00 00 00 00 00 00 00 00 00 00
[  321.794919] 00000610: 00 00 00 00 00 00 00 00 00 00 00 00 00 00 00 00
[  321.801363] 00000620: 00 00 00 00 00 00 00 00 00 00 00 00 00 00 00 00
[  321.807834] 00000630: 00 00 00 00 00 00 00 00 00 00 00 00 00 00 00 00
[  321.814280] 00000640: 00 00 00 00 00 00 00 00 00 00 00 00 00 00 00 00
[  321.820750] 00000650: 00 00 00 00 00 00 00 00 00 00 00 00 00 00 00 00
[  321.827230] 00000660: 00 00 00 00 00 00 00 00 00 00 00 00 00 00 00 00
[  321.833676] 00000670: 00 00 00 00 00 00 00 00 00 00 00 00 00 00 00 00
[  321.840148] 00000680: 00 00 00 00 00 00 00 00 00 00 00 00 00 00 00 00
[  321.846623] 00000690: 00 00 00 00 00 00 00 00 00 00 00 00 00 00 00 00
[  321.853067] 000006a0: 00 00 00 00 00 00 00 00 00 00 00 00 00 00 00 00
[  321.859542] 000006b0: 00 00 00 00 00 00 00 00 00 00 00 00 00 00 00 00
[  321.866014] 000006c0: 00 00 00 00 00 00 00 00 00 00 00 00 00 00 00 00
[  321.872459] 000006d0: 00 00 00 00 00 00 00 00 00 00 00 00 00 00 00 00
[  321.878928] 000006e0: 00 00 00 00 00 00 00 00 00 00 00 00 00 00 00 00
[  321.885398] 000006f0: 00 00 00 00 00 00 00 00 00 00 00 00 00 00 00 00
[  321.891845] 00000700: 00 00 00 00 00 00 00 00 00 00 00 00 00 00 00 00
[  321.898317] 00000710: 00 00 00 00 00 00 00 00 00 00 00 00 00 00 00 00
[  321.904788] 00000720: 00 00 00 00 00 00 00 00 00 00 00 00 00 00 00 00
[  321.911236] 00000730: 00 00 00 00 00 00 00 00 00 00 00 00 00 00 00 00
[  321.917708] 00000740: 00 00 00 00 00 00 00 00 00 00 00 00 00 00 00 00
[  321.924151] 00000750: 00 00 00 00 00 00 00 00 00 00 00 00 00 00 00 00
[  321.930621] 00000760: 00 00 00 00 00 00 00 00 00 00 00 00 00 00 00 00
[  321.937091] 00000770: 00 00 00 00 00 00 00 00 00 00 00 00 00 00 00 00
[  321.943536] 00000780: 00 00 00 00 00 00 00 00 00 00 00 00 00 00 00 00
[  321.950006] 00000790: 00 00 00 00 00 00 00 00 00 00 00 00 00 00 00 00
[  321.956478] 000007a0: 00 00 00 00 00 00 00 00 00 00 00 00 00 00 00 00
[  321.962924] 000007b0: 00 00 00 00 00 00 00 00 00 00 00 00 00 00 00 00
[  321.969395] 000007c0: 00 00 00 00 00 00 00 00 00 00 00 00 00 00 00 00
[  321.975867] 000007d0: 00 00 00 00 00 00 00 00 00 00 00 00 00 00 00 00
[  321.982312] 000007e0: 00 00 00 00 00 00 00 00 00 00 00 00 00 00 00 00
[  321.988783] 000007f0: 00 00 00 00 00 00 00 00 00 00 00 00 00 00 00 00
[  321.996144] UnCorrectable RS-ECC Error
[  321.999919] UnCorrectable RS-ECC Error
[  322.003673] UnCorrectable RS-ECC Error
[  322.007485] UnCorrectable RS-ECC Error
[  322.011277] jffs2: Write verify error (ECC correction failed) at 07fa0000. Wrote:
[  322.018814] 00000000: 85 19 01 e0 29 00 00 00 6d a6 2f d7 01 00 00 00
[  322.025299] 00000010: 01 00 00 00 02 00 00 00 34 01 00 00 01 08 00 00
[  322.031746] 00000020: a6 54 6b 36 ce 51 b5 3a 61 ff ff ff 85 19 02 e0
[  322.038221] 00000030: 46 00 00 00 96 33 fe 32 02 00 00 00 02 00 00 00
[  322.044695] 00000040: a4 81 00 00 00 00 00 00 02 00 00 00 34 01 00 00
[  322.051142] 00000050: 34 01 00 00 34 01 00 00 00 00 00 00 02 00 00 00
[  322.057614] 00000060: 02 00 00 00 00 00 00 00 f8 b3 33 9c e3 f4 21 cc
[  322.064059] 00000070: 61 0a ff ff 85 19 04 20 8c 07 00 00 b7 20 0d 11
[  322.070531] 00000080: 00 00 00 00 00 00 00 00 00 00 00 00 00 00 00 00
[  322.077058] 00000090: 00 00 00 00 00 00 00 00 00 00 00 00 00 00 00 00
[  322.083562] 000000a0: 00 00 00 00 00 00 00 00 00 00 00 00 00 00 00 00
[  322.090111] 000000b0: 00 00 00 00 00 00 00 00 00 00 00 00 00 00 00 00
[  322.096606] 000000c0: 00 00 00 00 00 00 00 00 00 00 00 00 00 00 00 00
[  322.103053] 000000d0: 00 00 00 00 00 00 00 00 00 00 00 00 00 00 00 00
[  322.109530] 000000e0: 00 00 00 00 00 00 00 00 00 00 00 00 00 00 00 00
[  322.116005] 000000f0: 00 00 00 00 00 00 00 00 00 00 00 00 00 00 00 00
[  322.122455] 00000100: 00 00 00 00 00 00 00 00 00 00 00 00 00 00 00 00
[  322.128927] 00000110: 00 00 00 00 00 00 00 00 00 00 00 00 00 00 00 00
[  322.135401] 00000120: 00 00 00 00 00 00 00 00 00 00 00 00 00 00 00 00
[  322.141845] 00000130: 00 00 00 00 00 00 00 00 00 00 00 00 00 00 00 00
[  322.148316] 00000140: 00 00 00 00 00 00 00 00 00 00 00 00 00 00 00 00
[  322.154790] 00000150: 00 00 00 00 00 00 00 00 00 00 00 00 00 00 00 00
[  322.161238] 00000160: 00 00 00 00 00 00 00 00 00 00 00 00 00 00 00 00
[  322.167708] 00000170: 00 00 00 00 00 00 00 00 00 00 00 00 00 00 00 00
[  322.174153] 00000180: 00 00 00 00 00 00 00 00 00 00 00 00 00 00 00 00
[  322.180625] 00000190: 00 00 00 00 00 00 00 00 00 00 00 00 00 00 00 00
[  322.187096] 000001a0: 00 00 00 00 00 00 00 00 00 00 00 00 00 00 00 00
[  322.193542] 000001b0: 00 00 00 00 00 00 00 00 00 00 00 00 00 00 00 00
[  322.200012] 000001c0: 00 00 00 00 00 00 00 00 00 00 00 00 00 00 00 00
[  322.206484] 000001d0: 00 00 00 00 00 00 00 00 00 00 00 00 00 00 00 00
[  322.212930] 000001e0: 00 00 00 00 00 00 00 00 00 00 00 00 00 00 00 00
[  322.219400] 000001f0: 00 00 00 00 00 00 00 00 00 00 00 00 00 00 00 00
[  322.225870] 00000200: 00 00 00 00 00 00 00 00 00 00 00 00 00 00 00 00
[  322.232314] 00000210: 00 00 00 00 00 00 00 00 00 00 00 00 00 00 00 00
[  322.238786] 00000220: 00 00 00 00 00 00 00 00 00 00 00 00 00 00 00 00
[  322.245261] 00000230: 00 00 00 00 00 00 00 00 00 00 00 00 00 00 00 00
[  322.251706] 00000240: 00 00 00 00 00 00 00 00 00 00 00 00 00 00 00 00
[  322.258178] 00000250: 00 00 00 00 00 00 00 00 00 00 00 00 00 00 00 00
[  322.264650] 00000260: 00 00 00 00 00 00 00 00 00 00 00 00 00 00 00 00
[  322.271094] 00000270: 00 00 00 00 00 00 00 00 00 00 00 00 00 00 00 00
[  322.277564] 00000280: 00 00 00 00 00 00 00 00 00 00 00 00 00 00 00 00
[  322.284010] 00000290: 00 00 00 00 00 00 00 00 00 00 00 00 00 00 00 00
[  322.290480] 000002a0: 00 00 00 00 00 00 00 00 00 00 00 00 00 00 00 00
[  322.296951] 000002b0: 00 00 00 00 00 00 00 00 00 00 00 00 00 00 00 00
[  322.303398] 000002c0: 00 00 00 00 00 00 00 00 00 00 00 00 00 00 00 00
[  322.309869] 000002d0: 00 00 00 00 00 00 00 00 00 00 00 00 00 00 00 00
[  322.316340] 000002e0: 00 00 00 00 00 00 00 00 00 00 00 00 00 00 00 00
[  322.322786] 000002f0: 00 00 00 00 00 00 00 00 00 00 00 00 00 00 00 00
[  322.329264] 00000300: 00 00 00 00 00 00 00 00 00 00 00 00 00 00 00 00
[  322.335740] 00000310: 00 00 00 00 00 00 00 00 00 00 00 00 00 00 00 00
[  322.342187] 00000320: 00 00 00 00 00 00 00 00 00 00 00 00 00 00 00 00
[  322.348660] 00000330: 00 00 00 00 00 00 00 00 00 00 00 00 00 00 00 00
[  322.355135] 00000340: 00 00 00 00 00 00 00 00 00 00 00 00 00 00 00 00
[  322.361579] 00000350: 00 00 00 00 00 00 00 00 00 00 00 00 00 00 00 00
[  322.368049] 00000360: 00 00 00 00 00 00 00 00 00 00 00 00 00 00 00 00
[  322.374523] 00000370: 00 00 00 00 00 00 00 00 00 00 00 00 00 00 00 00
[  322.380969] 00000380: 00 00 00 00 00 00 00 00 00 00 00 00 00 00 00 00
[  322.387439] 00000390: 00 00 00 00 00 00 00 00 00 00 00 00 00 00 00 00
[  322.393885] 000003a0: 00 00 00 00 00 00 00 00 00 00 00 00 00 00 00 00
[  322.400355] 000003b0: 00 00 00 00 00 00 00 00 00 00 00 00 00 00 00 00
[  322.406826] 000003c0: 00 00 00 00 00 00 00 00 00 00 00 00 00 00 00 00
[  322.413270] 000003d0: 00 00 00 00 00 00 00 00 00 00 00 00 00 00 00 00
[  322.419750] 000003e0: 00 00 00 00 00 00 00 00 00 00 00 00 00 00 00 00
[  322.426225] 000003f0: 00 00 00 00 00 00 00 00 00 00 00 00 00 00 00 00
[  322.432672] 00000400: 00 00 00 00 00 00 00 00 00 00 00 00 00 00 00 00
[  322.439145] 00000410: 00 00 00 00 00 00 00 00 00 00 00 00 00 00 00 00
[  322.445617] 00000420: 00 00 00 00 00 00 00 00 00 00 00 00 00 00 00 00
[  322.452063] 00000430: 00 00 00 00 00 00 00 00 00 00 00 00 00 00 00 00
[  322.458534] 00000440: 00 00 00 00 00 00 00 00 00 00 00 00 00 00 00 00
[  322.465004] 00000450: 00 00 00 00 00 00 00 00 00 00 00 00 00 00 00 00
[  322.471449] 00000460: 00 00 00 00 00 00 00 00 00 00 00 00 00 00 00 00
[  322.477920] 00000470: 00 00 00 00 00 00 00 00 00 00 00 00 00 00 00 00
[  322.484365] 00000480: 00 00 00 00 00 00 00 00 00 00 00 00 00 00 00 00
[  322.490836] 00000490: 00 00 00 00 00 00 00 00 00 00 00 00 00 00 00 00
[  322.497307] 000004a0: 00 00 00 00 00 00 00 00 00 00 00 00 00 00 00 00
[  322.503756] 000004b0: 00 00 00 00 00 00 00 00 00 00 00 00 00 00 00 00
[  322.510227] 000004c0: 00 00 00 00 00 00 00 00 00 00 00 00 00 00 00 00
[  322.516699] 000004d0: 00 00 00 00 00 00 00 00 00 00 00 00 00 00 00 00
[  322.523144] 000004e0: 00 00 00 00 00 00 00 00 00 00 00 00 00 00 00 00
[  322.529625] 000004f0: 00 00 00 00 00 00 00 00 00 00 00 00 00 00 00 00
[  322.536105] 00000500: 00 00 00 00 00 00 00 00 00 00 00 00 00 00 00 00
[  322.542551] 00000510: 00 00 00 00 00 00 00 00 00 00 00 00 00 00 00 00
[  322.549019] 00000520: 00 00 00 00 00 00 00 00 00 00 00 00 00 00 00 00
[  322.555492] 00000530: 00 00 00 00 00 00 00 00 00 00 00 00 00 00 00 00
[  322.561936] 00000540: 00 00 00 00 00 00 00 00 00 00 00 00 00 00 00 00
[  322.568406] 00000550: 00 00 00 00 00 00 00 00 00 00 00 00 00 00 00 00
[  322.574887] 00000560: 00 00 00 00 00 00 00 00 00 00 00 00 00 00 00 00
[  322.581335] 00000570: 00 00 00 00 00 00 00 00 00 00 00 00 00 00 00 00
[  322.587808] 00000580: 00 00 00 00 00 00 00 00 00 00 00 00 00 00 00 00
[  322.594254] 00000590: 00 00 00 00 00 00 00 00 00 00 00 00 00 00 00 00
[  322.600725] 000005a0: 00 00 00 00 00 00 00 00 00 00 00 00 00 00 00 00
[  322.607199] 000005b0: 00 00 00 00 00 00 00 00 00 00 00 00 00 00 00 00
[  322.613643] 000005c0: 00 00 00 00 00 00 00 00 00 00 00 00 00 00 00 00
[  322.620113] 000005d0: 00 00 00 00 00 00 00 00 00 00 00 00 00 00 00 00
[  322.626582] 000005e0: 00 00 00 00 00 00 00 00 00 00 00 00 00 00 00 00
[  322.633026] 000005f0: 00 00 00 00 00 00 00 00 00 00 00 00 00 00 00 00
[  322.639497] 00000600: 00 00 00 00 00 00 00 00 00 00 00 00 00 00 00 00
[  322.645970] 00000610: 00 00 00 00 00 00 00 00 00 00 00 00 00 00 00 00
[  322.652415] 00000620: 00 00 00 00 00 00 00 00 00 00 00 00 00 00 00 00
[  322.658883] 00000630: 00 00 00 00 00 00 00 00 00 00 00 00 00 00 00 00
[  322.665355] 00000640: 00 00 00 00 00 00 00 00 00 00 00 00 00 00 00 00
[  322.671802] 00000650: 00 00 00 00 00 00 00 00 00 00 00 00 00 00 00 00
[  322.678273] 00000660: 00 00 00 00 00 00 00 00 00 00 00 00 00 00 00 00
[  322.684743] 00000670: 00 00 00 00 00 00 00 00 00 00 00 00 00 00 00 00
[  322.691188] 00000680: 00 00 00 00 00 00 00 00 00 00 00 00 00 00 00 00
[  322.697657] 00000690: 00 00 00 00 00 00 00 00 00 00 00 00 00 00 00 00
[  322.704101] 000006a0: 00 00 00 00 00 00 00 00 00 00 00 00 00 00 00 00
[  322.710573] 000006b0: 00 00 00 00 00 00 00 00 00 00 00 00 00 00 00 00
[  322.717048] 000006c0: 00 00 00 00 00 00 00 00 00 00 00 00 00 00 00 00
[  322.723493] 000006d0: 00 00 00 00 00 00 00 00 00 00 00 00 00 00 00 00
[  322.730054] 000006e0: 00 00 00 00 00 00 00 00 00 00 00 00 00 00 00 00
[  322.736556] 000006f0: 00 00 00 00 00 00 00 00 00 00 00 00 00 00 00 00
[  322.743004] 00000700: 00 00 00 00 00 00 00 00 00 00 00 00 00 00 00 00
[  322.749485] 00000710: 00 00 00 00 00 00 00 00 00 00 00 00 00 00 00 00
[  322.755962] 00000720: 00 00 00 00 00 00 00 00 00 00 00 00 00 00 00 00
[  322.762409] 00000730: 00 00 00 00 00 00 00 00 00 00 00 00 00 00 00 00
[  322.768883] 00000740: 00 00 00 00 00 00 00 00 00 00 00 00 00 00 00 00
[  322.775361] 00000750: 00 00 00 00 00 00 00 00 00 00 00 00 00 00 00 00
[  322.781808] 00000760: 00 00 00 00 00 00 00 00 00 00 00 00 00 00 00 00
[  322.788277] 00000770: 00 00 00 00 00 00 00 00 00 00 00 00 00 00 00 00
[  322.794748] 00000780: 00 00 00 00 00 00 00 00 00 00 00 00 00 00 00 00
[  322.801193] 00000790: 00 00 00 00 00 00 00 00 00 00 00 00 00 00 00 00
[  322.807665] 000007a0: 00 00 00 00 00 00 00 00 00 00 00 00 00 00 00 00
[  322.814110] 000007b0: 00 00 00 00 00 00 00 00 00 00 00 00 00 00 00 00
[  322.820579] 000007c0: 00 00 00 00 00 00 00 00 00 00 00 00 00 00 00 00
[  322.827059] 000007d0: 00 00 00 00 00 00 00 00 00 00 00 00 00 00 00 00
[  322.833507] 000007e0: 00 00 00 00 00 00 00 00 00 00 00 00 00 00 00 00
[  322.839979] 000007f0: 00 00 00 00 00 00 00 00 00 00 00 00 00 00 00 00
[  322.846448] jffs2: Read back:
[  322.849424] 00000000: 85 19 01 e0 29 00 00 00 6d a6 2f d7 01 00 00 00
[  322.855895] 00000010: 01 00 00 00 02 00 00 00 34 01 00 00 01 08 00 00
[  322.862342] 00000020: a6 54 6b 36 ce 51 b5 3a 61 ff ff ff 85 19 02 e0
[  322.868813] 00000030: 46 00 00 00 96 33 fe 32 02 00 00 00 02 00 00 00
[  322.875285] 00000040: a4 81 00 00 00 00 00 00 02 00 00 00 34 01 00 00
[  322.881731] 00000050: 34 01 00 00 34 01 00 00 00 00 00 00 02 00 00 00
[  322.888203] 00000060: 02 00 00 00 00 00 00 00 f8 b3 33 9c e3 f4 21 cc
[  322.894675] 00000070: 61 0a ff ff 85 19 04 20 8c 07 00 00 b7 20 0d 11
[  322.901121] 00000080: 00 00 00 00 00 00 00 00 00 00 00 00 00 00 00 00
[  322.907592] 00000090: 00 00 00 00 00 00 00 00 00 00 00 00 00 00 00 00
[  322.914036] 000000a0: 00 00 00 00 00 00 00 00 00 00 00 00 00 00 00 00
[  322.920506] 000000b0: 00 00 00 00 00 00 00 00 00 00 00 00 00 00 00 00
[  322.926977] 000000c0: 00 00 00 00 00 00 00 00 00 00 00 00 00 00 00 00
[  322.933420] 000000d0: 00 00 00 00 00 00 00 00 00 00 00 00 00 00 00 00
[  322.939893] 000000e0: 00 00 00 00 00 00 00 00 00 00 00 00 00 00 00 00
[  322.946366] 000000f0: 00 00 00 00 00 00 00 00 00 00 00 00 00 00 00 00
[  322.952811] 00000100: 00 00 00 00 00 00 00 00 00 00 00 00 00 00 00 00
[  322.959281] 00000110: 00 00 00 00 00 00 00 00 00 00 00 00 00 00 00 00
[  322.965753] 00000120: 00 00 00 00 00 00 00 00 00 00 00 00 00 00 00 00
[  322.972199] 00000130: 00 00 00 00 00 00 00 00 00 00 00 00 00 00 00 00
[  322.978670] 00000140: 00 00 00 00 00 00 00 00 00 00 00 00 00 00 00 00
[  322.985142] 00000150: 00 00 00 00 00 00 00 00 00 00 00 00 00 00 00 00
[  322.991589] 00000160: 00 00 00 00 00 00 00 00 00 00 00 00 00 00 00 00
[  322.998060] 00000170: 00 00 00 00 00 00 00 00 00 00 00 00 00 00 00 00
[  323.004530] 00000180: 00 00 00 00 00 00 00 00 00 00 00 00 00 00 00 00
[  323.010975] 00000190: 00 00 00 00 00 00 00 00 00 00 00 00 00 00 00 00
[  323.017450] 000001a0: 00 00 00 00 00 00 00 00 00 00 00 00 00 00 00 00
[  323.023896] 000001b0: 00 00 00 00 00 00 00 00 00 00 00 00 00 00 00 00
[  323.030368] 000001c0: 00 00 00 00 00 00 00 00 00 00 00 00 00 00 00 00
[  323.036841] 000001d0: 00 00 00 00 00 00 00 00 00 00 00 00 00 00 00 00
[  323.043287] 000001e0: 00 00 00 00 00 00 00 00 00 00 00 00 00 00 00 00
[  323.049758] 000001f0: 00 00 00 00 00 00 00 00 00 00 00 00 00 00 00 00
[  323.056231] 00000200: 00 00 00 00 00 00 00 00 00 00 00 00 00 00 00 00
[  323.062677] 00000210: 00 00 00 00 00 00 00 00 00 00 00 00 00 00 00 00
[  323.069150] 00000220: 00 00 00 00 00 00 00 00 00 00 00 00 00 00 00 00
[  323.075629] 00000230: 00 00 00 00 00 00 00 00 00 00 00 00 00 00 00 00
[  323.082077] 00000240: 00 00 00 00 00 00 00 00 00 00 00 00 00 00 00 00
[  323.088560] 00000250: 00 00 00 00 00 00 00 00 00 00 00 00 00 00 00 00
[  323.095038] 00000260: 00 00 00 00 00 00 00 00 00 00 00 00 00 00 00 00
[  323.101483] 00000270: 00 00 00 00 00 00 00 00 00 00 00 00 00 00 00 00
[  323.107955] 00000280: 00 00 00 00 00 00 00 00 00 00 00 00 00 00 00 00
[  323.114429] 00000290: 00 00 00 00 00 00 00 00 00 00 00 00 00 00 00 00
[  323.120876] 000002a0: 00 00 00 00 00 00 00 00 00 00 00 00 00 00 00 00
[  323.127347] 000002b0: 00 00 00 00 00 00 00 00 00 00 00 00 00 00 00 00
[  323.133791] 000002c0: 00 00 00 00 00 00 00 00 00 00 00 00 00 00 00 00
[  323.140261] 000002d0: 00 00 00 00 00 00 00 00 00 00 00 00 00 00 00 00
[  323.146733] 000002e0: 00 00 00 00 00 00 00 00 00 00 00 00 00 00 00 00
[  323.153177] 000002f0: 00 00 00 00 00 00 00 00 00 00 00 00 00 00 00 00
[  323.159648] 00000300: 00 00 00 00 00 00 00 00 00 00 00 00 00 00 00 00
[  323.166127] 00000310: 00 00 00 00 00 00 00 00 00 00 04 00 00 00 00 00
[  323.172573] 00000320: 00 00 00 00 00 00 00 00 00 00 00 00 00 00 00 00
[  323.179047] 00000330: 00 00 00 00 00 00 00 00 00 00 00 00 00 00 00 00
[  323.185520] 00000340: 00 00 00 00 00 00 00 00 00 00 00 00 00 00 00 00
[  323.191963] 00000350: 00 00 00 00 00 00 00 00 00 00 00 00 00 00 00 00
[  323.198433] 00000360: 00 00 00 00 00 00 00 00 00 00 00 00 00 00 00 00
[  323.204909] 00000370: 00 00 00 00 00 00 00 00 00 00 00 00 00 00 00 00
[  323.211354] 00000380: 00 00 00 00 00 00 00 00 00 00 00 00 00 00 00 00
[  323.217826] 00000390: 00 00 00 00 00 00 00 00 00 00 00 00 00 00 00 00
[  323.224271] 000003a0: 00 00 00 00 00 00 00 00 20 00 00 00 00 00 00 00
[  323.230742] 000003b0: 00 00 00 00 00 00 00 00 00 00 00 00 00 00 00 00
[  323.237214] 000003c0: 40 00 00 00 00 00 00 00 00 00 00 00 00 00 00 00
[  323.243662] 000003d0: 00 00 00 00 00 00 00 00 00 00 00 00 00 00 00 00
[  323.250133] 000003e0: 00 00 00 00 00 00 00 00 00 00 00 00 00 00 00 00
[  323.256605] 000003f0: 00 00 00 00 00 00 00 00 00 00 00 00 00 00 00 00
[  323.263050] 00000400: 00 00 00 00 00 00 00 00 00 00 00 00 00 00 00 00
[  323.269520] 00000410: 00 00 00 00 00 00 00 00 00 00 00 00 00 00 00 00
[  323.275989] 00000420: 00 00 00 00 00 00 00 00 00 00 00 00 00 00 00 00
[  323.282433] 00000430: 00 00 00 00 00 00 00 00 00 00 00 00 00 00 00 00
[  323.288905] 00000440: 00 00 00 00 00 00 00 00 00 00 00 00 00 00 00 00
[  323.295377] 00000450: 00 00 00 00 00 00 00 00 00 00 00 00 00 00 00 00
[  323.301825] 00000460: 00 00 00 00 00 00 00 00 00 00 00 00 00 00 00 00
[  323.308294] 00000470: 00 00 00 00 00 00 00 00 00 00 00 00 00 00 00 00
[  323.314766] 00000480: 00 00 00 00 00 00 00 00 00 00 00 00 00 00 00 00
[  323.321210] 00000490: 00 00 00 00 00 00 00 00 00 00 00 00 00 00 00 00
[  323.327686] 000004a0: 00 00 00 00 00 00 00 00 00 00 00 00 00 00 00 00
[  323.334132] 000004b0: 00 00 00 00 00 00 00 00 00 00 00 00 00 00 00 00
[  323.340608] 000004c0: 00 00 00 00 00 00 00 00 00 00 00 00 00 00 00 00
[  323.347081] 000004d0: 00 00 00 00 00 00 00 00 00 00 00 00 00 00 00 00
[  323.353527] 000004e0: 00 00 00 00 00 00 00 00 00 00 00 00 00 00 00 00
[  323.359998] 000004f0: 00 00 00 00 00 00 00 00 00 00 00 00 00 00 00 00
[  323.366469] 00000500: 00 00 00 00 00 00 00 00 00 00 00 00 00 00 00 00
[  323.372915] 00000510: 00 00 00 00 00 00 00 00 00 00 00 00 00 00 00 00
[  323.379388] 00000520: 00 00 00 00 00 00 00 00 00 00 00 00 00 00 00 00
[  323.385860] 00000530: 00 00 00 00 00 00 00 00 00 00 00 00 00 00 00 00
[  323.392306] 00000540: 00 00 00 00 00 00 00 00 00 00 00 00 00 00 00 00
[  323.398776] 00000550: 00 00 00 00 00 00 00 00 00 00 00 00 00 00 00 00
[  323.405248] 00000560: 00 00 00 00 00 00 00 00 00 00 00 00 00 00 00 00
[  323.411693] 00000570: 00 00 00 00 00 00 00 00 00 00 00 00 00 00 00 00
[  323.418164] 00000580: 00 00 00 00 00 00 00 00 00 00 00 00 00 00 00 00
[  323.424637] 00000590: 00 00 00 00 00 00 00 00 00 00 00 00 00 00 00 00
[  323.431084] 000005a0: 00 00 00 00 00 00 00 00 00 00 00 00 00 00 00 00
[  323.437555] 000005b0: 00 00 00 00 00 00 00 00 00 00 00 00 00 00 00 00
[  323.444000] 000005c0: 00 00 00 00 00 00 00 00 00 00 00 00 00 00 00 00
[  323.450468] 000005d0: 00 00 00 00 00 00 00 00 00 00 00 00 00 00 00 00
[  323.456940] 000005e0: 00 00 00 00 00 00 00 00 00 00 00 00 00 00 00 00
[  323.463385] 000005f0: 00 00 00 00 00 00 00 00 00 00 00 00 00 00 00 00
[  323.469856] 00000600: 00 00 00 00 00 00 00 00 00 00 00 00 00 00 00 00
[  323.476328] 00000610: 00 00 00 00 00 00 00 00 00 00 00 00 00 00 00 00
[  323.482773] 00000620: 00 00 00 00 00 00 00 00 00 00 00 00 00 00 00 00
[  323.489243] 00000630: 00 00 00 00 00 00 00 00 00 00 00 00 00 00 00 00
[  323.495714] 00000640: 00 00 00 00 00 00 00 00 00 00 00 00 00 00 00 00
[  323.502159] 00000650: 00 00 00 00 00 00 00 00 00 00 00 00 00 00 00 00
[  323.508630] 00000660: 00 00 00 00 00 00 00 00 00 00 00 00 00 00 00 00
[  323.515102] 00000670: 00 00 00 00 00 00 00 00 00 00 00 00 00 00 00 00
[  323.521547] 00000680: 00 00 00 00 00 00 00 00 00 00 00 00 00 00 00 00
[  323.528017] 00000690: 00 00 00 00 00 00 00 00 00 00 00 00 00 00 00 00
[  323.534492] 000006a0: 00 00 00 00 00 00 00 00 00 00 00 00 00 00 00 00
[  323.540936] 000006b0: 00 00 00 00 00 00 00 00 00 00 00 00 00 00 00 00
[  323.547405] 000006c0: 00 00 00 00 00 00 00 00 00 00 00 00 00 00 00 00
[  323.553849] 000006d0: 00 00 00 00 00 00 00 00 00 00 00 00 00 00 00 00
[  323.560317] 000006e0: 00 00 00 00 00 00 00 00 00 00 00 00 00 00 00 00
[  323.566789] 000006f0: 00 00 00 00 00 00 00 00 00 00 00 00 00 00 00 00
[  323.573235] 00000700: 00 00 00 00 00 00 00 00 00 00 00 00 00 00 00 00
[  323.579713] 00000710: 00 00 00 00 00 00 00 00 00 00 00 00 00 00 00 00
